------------------------------------------------------------
Timing Analyzer Summary
------------------------------------------------------------

Type  : Slow 1100mV 85C Model Setup 'clock'
Slack : -9.377
TNS   : -3222.784

Type  : Slow 1100mV 85C Model Hold 'clock'
Slack : 0.390
TNS   : 0.000

Type  : Slow 1100mV 85C Model Minimum Pulse Width 'clock'
Slack : -2.174
TNS   : -442.451

Type  : Slow 1100mV 0C Model Setup 'clock'
Slack : -9.051
TNS   : -3131.479

Type  : Slow 1100mV 0C Model Hold 'clock'
Slack : 0.406
TNS   : 0.000

Type  : Slow 1100mV 0C Model Minimum Pulse Width 'clock'
Slack : -2.174
TNS   : -419.241

Type  : Fast 1100mV 85C Model Setup 'clock'
Slack : -5.263
TNS   : -1801.327

Type  : Fast 1100mV 85C Model Hold 'clock'
Slack : 0.189
TNS   : 0.000

Type  : Fast 1100mV 85C Model Minimum Pulse Width 'clock'
Slack : -2.174
TNS   : -303.714

Type  : Fast 1100mV 0C Model Setup 'clock'
Slack : -4.638
TNS   : -1576.470

Type  : Fast 1100mV 0C Model Hold 'clock'
Slack : 0.179
TNS   : 0.000

Type  : Fast 1100mV 0C Model Minimum Pulse Width 'clock'
Slack : -2.174
TNS   : -294.694

------------------------------------------------------------
