Analysis & Synthesis report for lab1
Fri Feb 27 10:17:14 2026
Quartus Prime Version 23.1std.1 Build 993 05/14/2024 SC Lite Edition


---------------------
; Table of Contents ;
---------------------
  1. Legal Notice
  2. Analysis & Synthesis Summary
  3. Analysis & Synthesis Settings
  4. Parallel Compilation
  5. Analysis & Synthesis Source Files Read
  6. Analysis & Synthesis Resource Usage Summary
  7. Analysis & Synthesis Resource Utilization by Entity
  8. State Machine - |top|audio_configurator_select:i2c_conf|currentStep
  9. State Machine - |top|audio_configurator_select:i2c_conf|currentState
 10. State Machine - |top|audio_configurator_select:i2c_conf|i2c_controller:i2c_controller_instance|currentStep
 11. State Machine - |top|audio_configurator_select:i2c_conf|i2c_controller:i2c_controller_instance|currentState
 12. Registers Removed During Synthesis
 13. Removed Registers Triggering Further Register Optimizations
 14. General Register Statistics
 15. Multiplexer Restructuring Statistics (Restructuring Performed)
 16. Port Connectivity Checks: "audio_configurator_select:i2c_conf|i2c_controller:i2c_controller_instance"
 17. Post-Synthesis Netlist Statistics for Top Partition
 18. Elapsed Time Per Partition
 19. Analysis & Synthesis Messages



----------------
; Legal Notice ;
----------------
Copyright (C) 2024  Intel Corporation. All rights reserved.
Your use of Intel Corporation's design tools, logic functions 
and other software and tools, and any partner logic 
functions, and any output files from any of the foregoing 
(including device programming or simulation files), and any 
associated documentation or information are expressly subject 
to the terms and conditions of the Intel Program License 
Subscription Agreement, the Intel Quartus Prime License Agreement,
the Intel FPGA IP License Agreement, or other applicable license
agreement, including, without limitation, that your use is for
the sole purpose of programming logic devices manufactured by
Intel and sold by Intel or its authorized distributors.  Please
refer to the applicable agreement for further details, at
https://fpgasoftware.intel.com/eula.



+----------------------------------------------------------------------------------+
; Analysis & Synthesis Summary                                                     ;
+---------------------------------+------------------------------------------------+
; Analysis & Synthesis Status     ; Successful - Fri Feb 27 10:17:14 2026          ;
; Quartus Prime Version           ; 23.1std.1 Build 993 05/14/2024 SC Lite Edition ;
; Revision Name                   ; lab1                                           ;
; Top-level Entity Name           ; top                                            ;
; Family                          ; Cyclone V                                      ;
; Logic utilization (in ALMs)     ; N/A                                            ;
; Total registers                 ; 96                                             ;
; Total pins                      ; 19                                             ;
; Total virtual pins              ; 0                                              ;
; Total block memory bits         ; 0                                              ;
; Total DSP Blocks                ; 0                                              ;
; Total HSSI RX PCSs              ; 0                                              ;
; Total HSSI PMA RX Deserializers ; 0                                              ;
; Total HSSI TX PCSs              ; 0                                              ;
; Total HSSI PMA TX Serializers   ; 0                                              ;
; Total PLLs                      ; 0                                              ;
; Total DLLs                      ; 0                                              ;
+---------------------------------+------------------------------------------------+


+---------------------------------------------------------------------------------------------------------------------------+
; Analysis & Synthesis Settings                                                                                             ;
+---------------------------------------------------------------------------------+--------------------+--------------------+
; Option                                                                          ; Setting            ; Default Value      ;
+---------------------------------------------------------------------------------+--------------------+--------------------+
; Device                                                                          ; 5CSEMA5F31C6       ;                    ;
; Top-level entity name                                                           ; top                ; lab1               ;
; Family name                                                                     ; Cyclone V          ; Cyclone V          ;
; Use smart compilation                                                           ; Off                ; Off                ;
; Enable parallel Assembler and Timing Analyzer during compilation                ; On                 ; On                 ;
; Enable compact report table                                                     ; Off                ; Off                ;
; Restructure Multiplexers                                                        ; Auto               ; Auto               ;
; MLAB Add Timing Constraints For Mixed-Port Feed-Through Mode Setting Don't Care ; Off                ; Off                ;
; Create Debugging Nodes for IP Cores                                             ; Off                ; Off                ;
; Preserve fewer node names                                                       ; On                 ; On                 ;
; Intel FPGA IP Evaluation Mode                                                   ; Enable             ; Enable             ;
; Verilog Version                                                                 ; Verilog_2001       ; Verilog_2001       ;
; VHDL Version                                                                    ; VHDL_1993          ; VHDL_1993          ;
; State Machine Processing                                                        ; Auto               ; Auto               ;
; Safe State Machine                                                              ; Off                ; Off                ;
; Extract Verilog State Machines                                                  ; On                 ; On                 ;
; Extract VHDL State Machines                                                     ; On                 ; On                 ;
; Ignore Verilog initial constructs                                               ; Off                ; Off                ;
; Iteration limit for constant Verilog loops                                      ; 5000               ; 5000               ;
; Iteration limit for non-constant Verilog loops                                  ; 250                ; 250                ;
; Add Pass-Through Logic to Inferred RAMs                                         ; On                 ; On                 ;
; Infer RAMs from Raw Logic                                                       ; On                 ; On                 ;
; Parallel Synthesis                                                              ; On                 ; On                 ;
; DSP Block Balancing                                                             ; Auto               ; Auto               ;
; NOT Gate Push-Back                                                              ; On                 ; On                 ;
; Power-Up Don't Care                                                             ; On                 ; On                 ;
; Remove Redundant Logic Cells                                                    ; Off                ; Off                ;
; Remove Duplicate Registers                                                      ; On                 ; On                 ;
; Ignore CARRY Buffers                                                            ; Off                ; Off                ;
; Ignore CASCADE Buffers                                                          ; Off                ; Off                ;
; Ignore GLOBAL Buffers                                                           ; Off                ; Off                ;
; Ignore ROW GLOBAL Buffers                                                       ; Off                ; Off                ;
; Ignore LCELL Buffers                                                            ; Off                ; Off                ;
; Ignore SOFT Buffers                                                             ; On                 ; On                 ;
; Limit AHDL Integers to 32 Bits                                                  ; Off                ; Off                ;
; Optimization Technique                                                          ; Balanced           ; Balanced           ;
; Carry Chain Length                                                              ; 70                 ; 70                 ;
; Auto Carry Chains                                                               ; On                 ; On                 ;
; Auto Open-Drain Pins                                                            ; On                 ; On                 ;
; Perform WYSIWYG Primitive Resynthesis                                           ; Off                ; Off                ;
; Auto ROM Replacement                                                            ; On                 ; On                 ;
; Auto RAM Replacement                                                            ; On                 ; On                 ;
; Auto DSP Block Replacement                                                      ; On                 ; On                 ;
; Auto Shift Register Replacement                                                 ; Auto               ; Auto               ;
; Allow Shift Register Merging across Hierarchies                                 ; Auto               ; Auto               ;
; Auto Clock Enable Replacement                                                   ; On                 ; On                 ;
; Strict RAM Replacement                                                          ; Off                ; Off                ;
; Allow Synchronous Control Signals                                               ; On                 ; On                 ;
; Force Use of Synchronous Clear Signals                                          ; Off                ; Off                ;
; Auto Resource Sharing                                                           ; Off                ; Off                ;
; Allow Any RAM Size For Recognition                                              ; Off                ; Off                ;
; Allow Any ROM Size For Recognition                                              ; Off                ; Off                ;
; Allow Any Shift Register Size For Recognition                                   ; Off                ; Off                ;
; Use LogicLock Constraints during Resource Balancing                             ; On                 ; On                 ;
; Ignore translate_off and synthesis_off directives                               ; Off                ; Off                ;
; Timing-Driven Synthesis                                                         ; On                 ; On                 ;
; Report Parameter Settings                                                       ; On                 ; On                 ;
; Report Source Assignments                                                       ; On                 ; On                 ;
; Report Connectivity Checks                                                      ; On                 ; On                 ;
; Ignore Maximum Fan-Out Assignments                                              ; Off                ; Off                ;
; Synchronization Register Chain Length                                           ; 3                  ; 3                  ;
; Power Optimization During Synthesis                                             ; Normal compilation ; Normal compilation ;
; HDL message level                                                               ; Level2             ; Level2             ;
; Suppress Register Optimization Related Messages                                 ; Off                ; Off                ;
; Number of Removed Registers Reported in Synthesis Report                        ; 5000               ; 5000               ;
; Number of Swept Nodes Reported in Synthesis Report                              ; 5000               ; 5000               ;
; Number of Inverted Registers Reported in Synthesis Report                       ; 100                ; 100                ;
; Clock MUX Protection                                                            ; On                 ; On                 ;
; Auto Gated Clock Conversion                                                     ; Off                ; Off                ;
; Block Design Naming                                                             ; Auto               ; Auto               ;
; SDC constraint protection                                                       ; Off                ; Off                ;
; Synthesis Effort                                                                ; Auto               ; Auto               ;
; Shift Register Replacement - Allow Asynchronous Clear Signal                    ; On                 ; On                 ;
; Pre-Mapping Resynthesis Optimization                                            ; Off                ; Off                ;
; Analysis & Synthesis Message Level                                              ; Medium             ; Medium             ;
; Disable Register Merging Across Hierarchies                                     ; Auto               ; Auto               ;
; Resource Aware Inference For Block RAM                                          ; On                 ; On                 ;
; Automatic Parallel Synthesis                                                    ; On                 ; On                 ;
; Partial Reconfiguration Bitstream ID                                            ; Off                ; Off                ;
+---------------------------------------------------------------------------------+--------------------+--------------------+


+------------------------------------------+
; Parallel Compilation                     ;
+----------------------------+-------------+
; Processors                 ; Number      ;
+----------------------------+-------------+
; Number detected on machine ; 4           ;
; Maximum allowed            ; 4           ;
;                            ;             ;
; Average used               ; 1.00        ;
; Maximum used               ; 4           ;
;                            ;             ;
; Usage by Processor         ; % Time Used ;
;     Processor 1            ; 100.0%      ;
;     Processor 2            ;   0.0%      ;
;     Processors 3-4         ;   0.0%      ;
+----------------------------+-------------+


+--------------------------------------------------------------------------------------------------------------------------------------------------------------------------------------------+
; Analysis & Synthesis Source Files Read                                                                                                                                                     ;
+-----------------------------------------------------+-----------------+------------------------+---------------------------------------------------------------------------------+---------+
; File Name with User-Entered Path                    ; Used in Netlist ; File Type              ; File Name with Absolute Path                                                    ; Library ;
+-----------------------------------------------------+-----------------+------------------------+---------------------------------------------------------------------------------+---------+
; ../Verilog/Audio Test 2/top.v                       ; yes             ; User Verilog HDL File  ; /home/u1462567/Desktop/ece3710/Verilog/Audio Test 2/top.v                       ;         ;
; ../Verilog/Audio Test 2/audio_output.v              ; yes             ; User Verilog HDL File  ; /home/u1462567/Desktop/ece3710/Verilog/Audio Test 2/audio_output.v              ;         ;
; ../Verilog/Audio Test 2/i2c_controller.v            ; yes             ; User Verilog HDL File  ; /home/u1462567/Desktop/ece3710/Verilog/Audio Test 2/i2c_controller.v            ;         ;
; ../Verilog/Audio Test 2/audio_configurator_select.v ; yes             ; User Verilog HDL File  ; /home/u1462567/Desktop/ece3710/Verilog/Audio Test 2/audio_configurator_select.v ;         ;
+-----------------------------------------------------+-----------------+------------------------+---------------------------------------------------------------------------------+---------+


+----------------------------------------------------------------------------------------------+
; Analysis & Synthesis Resource Usage Summary                                                  ;
+---------------------------------------------+------------------------------------------------+
; Resource                                    ; Usage                                          ;
+---------------------------------------------+------------------------------------------------+
; Estimate of Logic utilization (ALMs needed) ; 80                                             ;
;                                             ;                                                ;
; Combinational ALUT usage for logic          ; 128                                            ;
;     -- 7 input functions                    ; 3                                              ;
;     -- 6 input functions                    ; 27                                             ;
;     -- 5 input functions                    ; 21                                             ;
;     -- 4 input functions                    ; 20                                             ;
;     -- <=3 input functions                  ; 57                                             ;
;                                             ;                                                ;
; Dedicated logic registers                   ; 96                                             ;
;                                             ;                                                ;
; I/O pins                                    ; 19                                             ;
;                                             ;                                                ;
; Total DSP Blocks                            ; 0                                              ;
;                                             ;                                                ;
; Maximum fan-out node                        ; audio_configurator_select:i2c_conf|i2c_clk_reg ;
; Maximum fan-out                             ; 67                                             ;
; Total fan-out                               ; 817                                            ;
; Average fan-out                             ; 3.09                                           ;
+---------------------------------------------+------------------------------------------------+


+-------------------------------------------------------------------------------------------------------------------------------------------------------------------------------------------------------------------------------------------------------------------------------------+
; Analysis & Synthesis Resource Utilization by Entity                                                                                                                                                                                                                                 ;
+------------------------------------------------+---------------------+---------------------------+-------------------+------------+------+--------------+--------------------------------------------------------------------------------+---------------------------+--------------+
; Compilation Hierarchy Node                     ; Combinational ALUTs ; Dedicated Logic Registers ; Block Memory Bits ; DSP Blocks ; Pins ; Virtual Pins ; Full Hierarchy Name                                                            ; Entity Name               ; Library Name ;
+------------------------------------------------+---------------------+---------------------------+-------------------+------------+------+--------------+--------------------------------------------------------------------------------+---------------------------+--------------+
; |top                                           ; 128 (1)             ; 96 (0)                    ; 0                 ; 0          ; 19   ; 0            ; |top                                                                           ; top                       ; work         ;
;    |audio_configurator_select:i2c_conf|        ; 102 (37)            ; 75 (34)                   ; 0                 ; 0          ; 0    ; 0            ; |top|audio_configurator_select:i2c_conf                                        ; audio_configurator_select ; work         ;
;       |i2c_controller:i2c_controller_instance| ; 65 (65)             ; 41 (41)                   ; 0                 ; 0          ; 0    ; 0            ; |top|audio_configurator_select:i2c_conf|i2c_controller:i2c_controller_instance ; i2c_controller            ; work         ;
;    |audio_output:dac_driver|                   ; 25 (25)             ; 21 (21)                   ; 0                 ; 0          ; 0    ; 0            ; |top|audio_output:dac_driver                                                   ; audio_output              ; work         ;
+------------------------------------------------+---------------------+---------------------------+-------------------+------------+------+--------------+--------------------------------------------------------------------------------+---------------------------+--------------+
Note: For table entries with two numbers listed, the numbers in parentheses indicate the number of resources of the given type used by the specific entity alone. The numbers listed outside of parentheses indicate the total resources of the given type used by the specific entity and all of its sub-entities in the hierarchy.


Encoding Type:  One-Hot
+-----------------------------------------------------------------------------------------+
; State Machine - |top|audio_configurator_select:i2c_conf|currentStep                     ;
+-----------------+-----------------+-----------------+-----------------+-----------------+
; Name            ; currentStep.011 ; currentStep.010 ; currentStep.001 ; currentStep.000 ;
+-----------------+-----------------+-----------------+-----------------+-----------------+
; currentStep.000 ; 0               ; 0               ; 0               ; 0               ;
; currentStep.001 ; 0               ; 0               ; 1               ; 1               ;
; currentStep.010 ; 0               ; 1               ; 0               ; 1               ;
; currentStep.011 ; 1               ; 0               ; 0               ; 1               ;
+-----------------+-----------------+-----------------+-----------------+-----------------+


Encoding Type:  One-Hot
+----------------------------------------------------------------------+
; State Machine - |top|audio_configurator_select:i2c_conf|currentState ;
+---------------------------------+------------------------------------+
; Name                            ; currentState.SEND_COMMAND_STATE    ;
+---------------------------------+------------------------------------+
; currentState.IDLE_STATE         ; 0                                  ;
; currentState.SEND_COMMAND_STATE ; 1                                  ;
+---------------------------------+------------------------------------+


Encoding Type:  One-Hot
+------------------------------------------------------------------------------------------------------------+
; State Machine - |top|audio_configurator_select:i2c_conf|i2c_controller:i2c_controller_instance|currentStep ;
+------------------+------------------+------------------+---------------------------------------------------+
; Name             ; currentStep.0000 ; currentStep.0010 ; currentStep.0001                                  ;
+------------------+------------------+------------------+---------------------------------------------------+
; currentStep.0000 ; 0                ; 0                ; 0                                                 ;
; currentStep.0001 ; 1                ; 0                ; 1                                                 ;
; currentStep.0010 ; 1                ; 1                ; 0                                                 ;
+------------------+------------------+------------------+---------------------------------------------------+


Encoding Type:  One-Hot
+-------------------------------------------------------------------------------------------------------------------------------------------------------------------+
; State Machine - |top|audio_configurator_select:i2c_conf|i2c_controller:i2c_controller_instance|currentState                                                       ;
+-----------------------------+------------------------+-----------------------------+--------------------------+-------------------------+-------------------------+
; Name                        ; currentState.ACK_STATE ; currentState.SEND_BIT_STATE ; currentState.START_STATE ; currentState.IDLE_STATE ; currentState.STOP_STATE ;
+-----------------------------+------------------------+-----------------------------+--------------------------+-------------------------+-------------------------+
; currentState.IDLE_STATE     ; 0                      ; 0                           ; 0                        ; 0                       ; 0                       ;
; currentState.START_STATE    ; 0                      ; 0                           ; 1                        ; 1                       ; 0                       ;
; currentState.SEND_BIT_STATE ; 0                      ; 1                           ; 0                        ; 1                       ; 0                       ;
; currentState.ACK_STATE      ; 1                      ; 0                           ; 0                        ; 1                       ; 0                       ;
; currentState.STOP_STATE     ; 0                      ; 0                           ; 0                        ; 1                       ; 1                       ;
+-----------------------------+------------------------+-----------------------------+--------------------------+-------------------------+-------------------------+


+-------------------------------------------------------------------------------------------------------------------------------------------------------------------------------------------------------------------+
; Registers Removed During Synthesis                                                                                                                                                                                ;
+-------------------------------------------------------------------------------------------------------+-----------------------------------------------------------------------------------------------------------+
; Register name                                                                                         ; Reason for Removal                                                                                        ;
+-------------------------------------------------------------------------------------------------------+-----------------------------------------------------------------------------------------------------------+
; audio_output:dac_driver|audio_sample[0..12]                                                           ; Stuck at GND due to stuck port data_in                                                                    ;
; audio_output:dac_driver|audio_sample[13]                                                              ; Stuck at VCC due to stuck port data_in                                                                    ;
; audio_configurator_select:i2c_conf|addressByte[0,1,3,6,7]                                             ; Stuck at GND due to stuck port data_in                                                                    ;
; audio_configurator_select:i2c_conf|firstByte[6,7]                                                     ; Stuck at GND due to stuck port data_in                                                                    ;
; audio_configurator_select:i2c_conf|i2c_controller:i2c_controller_instance|savedAddressByte[0,1,3,6,7] ; Stuck at GND due to stuck port data_in                                                                    ;
; audio_configurator_select:i2c_conf|i2c_controller:i2c_controller_instance|savedFirstByte[6,7]         ; Stuck at GND due to stuck port data_in                                                                    ;
; audio_output:dac_driver|audio_sample[15]                                                              ; Merged with audio_output:dac_driver|audio_sample[14]                                                      ;
; audio_configurator_select:i2c_conf|i2c_controller:i2c_controller_instance|savedSecondByte[6]          ; Merged with audio_configurator_select:i2c_conf|i2c_controller:i2c_controller_instance|savedSecondByte[5]  ;
; audio_configurator_select:i2c_conf|i2c_controller:i2c_controller_instance|savedAddressByte[4,5]       ; Merged with audio_configurator_select:i2c_conf|i2c_controller:i2c_controller_instance|savedAddressByte[2] ;
; audio_configurator_select:i2c_conf|secondByte[6]                                                      ; Merged with audio_configurator_select:i2c_conf|secondByte[5]                                              ;
; audio_configurator_select:i2c_conf|addressByte[4,5]                                                   ; Merged with audio_configurator_select:i2c_conf|addressByte[2]                                             ;
; audio_configurator_select:i2c_conf|currentStep~6                                                      ; Lost fanout                                                                                               ;
; audio_configurator_select:i2c_conf|currentStep~7                                                      ; Lost fanout                                                                                               ;
; audio_configurator_select:i2c_conf|currentStep~8                                                      ; Lost fanout                                                                                               ;
; audio_configurator_select:i2c_conf|currentState~7                                                     ; Lost fanout                                                                                               ;
; audio_configurator_select:i2c_conf|currentState~8                                                     ; Lost fanout                                                                                               ;
; audio_configurator_select:i2c_conf|i2c_controller:i2c_controller_instance|currentStep~7               ; Lost fanout                                                                                               ;
; audio_configurator_select:i2c_conf|i2c_controller:i2c_controller_instance|currentStep~8               ; Lost fanout                                                                                               ;
; audio_configurator_select:i2c_conf|i2c_controller:i2c_controller_instance|currentState~9              ; Lost fanout                                                                                               ;
; audio_configurator_select:i2c_conf|i2c_controller:i2c_controller_instance|currentState~10             ; Lost fanout                                                                                               ;
; audio_configurator_select:i2c_conf|i2c_controller:i2c_controller_instance|currentState~12             ; Lost fanout                                                                                               ;
; audio_configurator_select:i2c_conf|currentStep.010                                                    ; Lost fanout                                                                                               ;
; Total Number of Removed Registers = 46                                                                ;                                                                                                           ;
+-------------------------------------------------------------------------------------------------------+-----------------------------------------------------------------------------------------------------------+


+-------------------------------------------------------------------------------------------------------------------------------------------------------------------------------+
; Removed Registers Triggering Further Register Optimizations                                                                                                                   ;
+---------------------------------------------------+---------------------------+-----------------------------------------------------------------------------------------------+
; Register name                                     ; Reason for Removal        ; Registers Removed due to This Register                                                        ;
+---------------------------------------------------+---------------------------+-----------------------------------------------------------------------------------------------+
; audio_configurator_select:i2c_conf|addressByte[7] ; Stuck at GND              ; audio_configurator_select:i2c_conf|i2c_controller:i2c_controller_instance|savedAddressByte[7] ;
;                                                   ; due to stuck port data_in ;                                                                                               ;
; audio_configurator_select:i2c_conf|addressByte[6] ; Stuck at GND              ; audio_configurator_select:i2c_conf|i2c_controller:i2c_controller_instance|savedAddressByte[6] ;
;                                                   ; due to stuck port data_in ;                                                                                               ;
; audio_configurator_select:i2c_conf|addressByte[3] ; Stuck at GND              ; audio_configurator_select:i2c_conf|i2c_controller:i2c_controller_instance|savedAddressByte[3] ;
;                                                   ; due to stuck port data_in ;                                                                                               ;
; audio_configurator_select:i2c_conf|addressByte[1] ; Stuck at GND              ; audio_configurator_select:i2c_conf|i2c_controller:i2c_controller_instance|savedAddressByte[1] ;
;                                                   ; due to stuck port data_in ;                                                                                               ;
; audio_configurator_select:i2c_conf|addressByte[0] ; Stuck at GND              ; audio_configurator_select:i2c_conf|i2c_controller:i2c_controller_instance|savedAddressByte[0] ;
;                                                   ; due to stuck port data_in ;                                                                                               ;
; audio_configurator_select:i2c_conf|firstByte[7]   ; Stuck at GND              ; audio_configurator_select:i2c_conf|i2c_controller:i2c_controller_instance|savedFirstByte[7]   ;
;                                                   ; due to stuck port data_in ;                                                                                               ;
; audio_configurator_select:i2c_conf|firstByte[6]   ; Stuck at GND              ; audio_configurator_select:i2c_conf|i2c_controller:i2c_controller_instance|savedFirstByte[6]   ;
;                                                   ; due to stuck port data_in ;                                                                                               ;
+---------------------------------------------------+---------------------------+-----------------------------------------------------------------------------------------------+


+------------------------------------------------------+
; General Register Statistics                          ;
+----------------------------------------------+-------+
; Statistic                                    ; Value ;
+----------------------------------------------+-------+
; Total registers                              ; 96    ;
; Number of registers using Synchronous Clear  ; 22    ;
; Number of registers using Synchronous Load   ; 2     ;
; Number of registers using Asynchronous Clear ; 23    ;
; Number of registers using Asynchronous Load  ; 0     ;
; Number of registers using Clock Enable       ; 45    ;
; Number of registers using Preset             ; 0     ;
+----------------------------------------------+-------+


+------------------------------------------------------------------------------------------------------------------------------------------------------------------------------------------------------------------+
; Multiplexer Restructuring Statistics (Restructuring Performed)                                                                                                                                                   ;
+--------------------+-----------+---------------+----------------------+------------------------+------------+----------------------------------------------------------------------------------------------------+
; Multiplexer Inputs ; Bus Width ; Baseline Area ; Area if Restructured ; Saving if Restructured ; Registered ; Example Multiplexer Output                                                                         ;
+--------------------+-----------+---------------+----------------------+------------------------+------------+----------------------------------------------------------------------------------------------------+
; 3:1                ; 4 bits    ; 8 LEs         ; 4 LEs                ; 4 LEs                  ; Yes        ; |top|audio_configurator_select:i2c_conf|currentCommandIndex[2]                                     ;
; 5:1                ; 3 bits    ; 9 LEs         ; 3 LEs                ; 6 LEs                  ; Yes        ; |top|audio_configurator_select:i2c_conf|i2c_controller:i2c_controller_instance|currentByteIndex[0] ;
; 7:1                ; 4 bits    ; 16 LEs        ; 4 LEs                ; 12 LEs                 ; Yes        ; |top|audio_configurator_select:i2c_conf|i2c_controller:i2c_controller_instance|currentBitIndex[3]  ;
; 12:1               ; 3 bits    ; 24 LEs        ; 6 LEs                ; 18 LEs                 ; Yes        ; |top|audio_configurator_select:i2c_conf|i2c_controller:i2c_controller_instance|currentByte[0]      ;
; 12:1               ; 2 bits    ; 16 LEs        ; 4 LEs                ; 12 LEs                 ; Yes        ; |top|audio_configurator_select:i2c_conf|i2c_controller:i2c_controller_instance|currentByte[4]      ;
; 4:1                ; 4 bits    ; 8 LEs         ; 8 LEs                ; 0 LEs                  ; No         ; |top|audio_configurator_select:i2c_conf|currentStep.000                                            ;
; 8:1                ; 2 bits    ; 10 LEs        ; 6 LEs                ; 4 LEs                  ; No         ; |top|audio_configurator_select:i2c_conf|i2c_controller:i2c_controller_instance|currentStep.0010    ;
; 10:1               ; 3 bits    ; 18 LEs        ; 9 LEs                ; 9 LEs                  ; No         ; |top|audio_configurator_select:i2c_conf|i2c_controller:i2c_controller_instance|Selector12          ;
; 17:1               ; 2 bits    ; 22 LEs        ; 8 LEs                ; 14 LEs                 ; No         ; |top|audio_configurator_select:i2c_conf|i2c_controller:i2c_controller_instance|Selector11          ;
+--------------------+-----------+---------------+----------------------+------------------------+------------+----------------------------------------------------------------------------------------------------+


+----------------------------------------------------------------------------------------------------------------+
; Port Connectivity Checks: "audio_configurator_select:i2c_conf|i2c_controller:i2c_controller_instance"          ;
+------+--------+----------+-------------------------------------------------------------------------------------+
; Port ; Type   ; Severity ; Details                                                                             ;
+------+--------+----------+-------------------------------------------------------------------------------------+
; done ; Output ; Info     ; Connected to dangling logic. Logic that only feeds a dangling port will be removed. ;
+------+--------+----------+-------------------------------------------------------------------------------------+


+-----------------------------------------------------+
; Post-Synthesis Netlist Statistics for Top Partition ;
+-----------------------+-----------------------------+
; Type                  ; Count                       ;
+-----------------------+-----------------------------+
; arriav_ff             ; 96                          ;
;     CLR               ; 9                           ;
;     CLR SCLR          ; 8                           ;
;     ENA               ; 32                          ;
;     ENA CLR           ; 6                           ;
;     ENA SCLR          ; 5                           ;
;     ENA SLD           ; 2                           ;
;     SCLR              ; 9                           ;
;     plain             ; 25                          ;
; arriav_io_obuf        ; 2                           ;
; arriav_lcell_comb     ; 128                         ;
;     arith             ; 24                          ;
;         1 data inputs ; 23                          ;
;         2 data inputs ; 1                           ;
;     extend            ; 3                           ;
;         7 data inputs ; 3                           ;
;     normal            ; 101                         ;
;         1 data inputs ; 2                           ;
;         2 data inputs ; 8                           ;
;         3 data inputs ; 23                          ;
;         4 data inputs ; 20                          ;
;         5 data inputs ; 21                          ;
;         6 data inputs ; 27                          ;
; boundary_port         ; 19                          ;
;                       ;                             ;
; Max LUT depth         ; 3.00                        ;
; Average LUT depth     ; 1.55                        ;
+-----------------------+-----------------------------+


+-------------------------------+
; Elapsed Time Per Partition    ;
+----------------+--------------+
; Partition Name ; Elapsed Time ;
+----------------+--------------+
; Top            ; 00:00:00     ;
+----------------+--------------+


+-------------------------------+
; Analysis & Synthesis Messages ;
+-------------------------------+
Info: *******************************************************************
Info: Running Quartus Prime Analysis & Synthesis
    Info: Version 23.1std.1 Build 993 05/14/2024 SC Lite Edition
    Info: Processing started: Fri Feb 27 10:17:06 2026
Info: Command: quartus_map --read_settings_files=on --write_settings_files=off lab1 -c lab1
Warning (18236): Number of processors has not been specified which may cause overloading on shared machines.  Set the global assignment NUM_PARALLEL_PROCESSORS in your QSF to an appropriate value for best performance.
Info (20030): Parallel compilation is enabled and will use 4 of the 4 processors detected
Warning (10275): Verilog HDL Module Instantiation warning at top.v(37): ignored dangling comma in List of Port Connections File: /home/u1462567/Desktop/ece3710/Verilog/Audio Test 2/top.v Line: 37
Info (12021): Found 1 design units, including 1 entities, in source file /home/u1462567/Desktop/ece3710/Verilog/Audio Test 2/top.v
    Info (12023): Found entity 1: top File: /home/u1462567/Desktop/ece3710/Verilog/Audio Test 2/top.v Line: 1
Info (12021): Found 1 design units, including 1 entities, in source file /home/u1462567/Desktop/ece3710/Verilog/Audio Test 2/audio_output.v
    Info (12023): Found entity 1: audio_output File: /home/u1462567/Desktop/ece3710/Verilog/Audio Test 2/audio_output.v Line: 1
Info (12021): Found 1 design units, including 1 entities, in source file /home/u1462567/Desktop/ece3710/Verilog/Audio Test 2/audio_configurator.v
    Info (12023): Found entity 1: audio_configurator File: /home/u1462567/Desktop/ece3710/Verilog/Audio Test 2/audio_configurator.v Line: 1
Info (12021): Found 1 design units, including 1 entities, in source file /home/u1462567/Desktop/ece3710/Verilog/Audio Test 2/i2c_controller.v
    Info (12023): Found entity 1: i2c_controller File: /home/u1462567/Desktop/ece3710/Verilog/Audio Test 2/i2c_controller.v Line: 1
Info (12021): Found 1 design units, including 1 entities, in source file /home/u1462567/Desktop/ece3710/Verilog/Audio Test 2/audio_configurator_select.v
    Info (12023): Found entity 1: audio_configurator_select File: /home/u1462567/Desktop/ece3710/Verilog/Audio Test 2/audio_configurator_select.v Line: 1
Info (12127): Elaborating entity "top" for the top level hierarchy
Info (12128): Elaborating entity "audio_configurator_select" for hierarchy "audio_configurator_select:i2c_conf" File: /home/u1462567/Desktop/ece3710/Verilog/Audio Test 2/top.v Line: 37
Warning (10027): Verilog HDL or VHDL warning at the audio_configurator_select.v(123): index expression is not wide enough to address all of the elements in the array File: /home/u1462567/Desktop/ece3710/Verilog/Audio Test 2/audio_configurator_select.v Line: 123
Warning (10027): Verilog HDL or VHDL warning at the audio_configurator_select.v(124): index expression is not wide enough to address all of the elements in the array File: /home/u1462567/Desktop/ece3710/Verilog/Audio Test 2/audio_configurator_select.v Line: 124
Warning (10027): Verilog HDL or VHDL warning at the audio_configurator_select.v(125): index expression is not wide enough to address all of the elements in the array File: /home/u1462567/Desktop/ece3710/Verilog/Audio Test 2/audio_configurator_select.v Line: 125
Warning (10230): Verilog HDL assignment warning at audio_configurator_select.v(127): truncated value with size 32 to match size of target (4) File: /home/u1462567/Desktop/ece3710/Verilog/Audio Test 2/audio_configurator_select.v Line: 127
Info (12128): Elaborating entity "i2c_controller" for hierarchy "audio_configurator_select:i2c_conf|i2c_controller:i2c_controller_instance" File: /home/u1462567/Desktop/ece3710/Verilog/Audio Test 2/audio_configurator_select.v Line: 93
Info (10264): Verilog HDL Case Statement information at i2c_controller.v(64): all case item expressions in this case statement are onehot File: /home/u1462567/Desktop/ece3710/Verilog/Audio Test 2/i2c_controller.v Line: 64
Warning (10230): Verilog HDL assignment warning at i2c_controller.v(98): truncated value with size 32 to match size of target (3) File: /home/u1462567/Desktop/ece3710/Verilog/Audio Test 2/i2c_controller.v Line: 98
Warning (10230): Verilog HDL assignment warning at i2c_controller.v(100): truncated value with size 32 to match size of target (4) File: /home/u1462567/Desktop/ece3710/Verilog/Audio Test 2/i2c_controller.v Line: 100
Info (10264): Verilog HDL Case Statement information at i2c_controller.v(147): all case item expressions in this case statement are onehot File: /home/u1462567/Desktop/ece3710/Verilog/Audio Test 2/i2c_controller.v Line: 147
Info (12128): Elaborating entity "audio_output" for hierarchy "audio_output:dac_driver" File: /home/u1462567/Desktop/ece3710/Verilog/Audio Test 2/top.v Line: 48
Info (286030): Timing-Driven Synthesis is running
Info (17049): 11 registers lost all their fanouts during netlist optimizations.
Info (16010): Generating hard_block partition "hard_block:auto_generated_inst"
    Info (16011): Adding 0 node(s), including 0 DDIO, 0 PLL, 0 transceiver and 0 LCELL
Info (21057): Implemented 161 device resources after synthesis - the final resource count might be different
    Info (21058): Implemented 10 input pins
    Info (21059): Implemented 7 output pins
    Info (21060): Implemented 2 bidirectional pins
    Info (21061): Implemented 142 logic cells
Info: Quartus Prime Analysis & Synthesis was successful. 0 errors, 8 warnings
    Info: Peak virtual memory: 464 megabytes
    Info: Processing ended: Fri Feb 27 10:17:14 2026
    Info: Elapsed time: 00:00:08
    Info: Total CPU time (on all processors): 00:00:14


