------------------------------------------------------------
Timing Analyzer Summary
------------------------------------------------------------

Type  : Slow 1100mV 85C Model Setup 'systemClock50MHz'
Slack : -10.425
TNS   : -138381.467

Type  : Slow 1100mV 85C Model Setup 'vga:vga_instance|clk25'
Slack : -7.369
TNS   : -309.440

Type  : Slow 1100mV 85C Model Hold 'systemClock50MHz'
Slack : 0.377
TNS   : 0.000

Type  : Slow 1100mV 85C Model Hold 'vga:vga_instance|clk25'
Slack : 0.712
TNS   : 0.000

Type  : Slow 1100mV 85C Model Minimum Pulse Width 'systemClock50MHz'
Slack : -0.797
TNS   : -8894.758

Type  : Slow 1100mV 85C Model Minimum Pulse Width 'vga:vga_instance|clk25'
Slack : -0.394
TNS   : -46.028

Type  : Slow 1100mV 0C Model Setup 'systemClock50MHz'
Slack : -10.129
TNS   : -132562.742

Type  : Slow 1100mV 0C Model Setup 'vga:vga_instance|clk25'
Slack : -7.584
TNS   : -308.095

Type  : Slow 1100mV 0C Model Hold 'systemClock50MHz'
Slack : 0.394
TNS   : 0.000

Type  : Slow 1100mV 0C Model Hold 'vga:vga_instance|clk25'
Slack : 0.743
TNS   : 0.000

Type  : Slow 1100mV 0C Model Minimum Pulse Width 'systemClock50MHz'
Slack : -0.800
TNS   : -9519.935

Type  : Slow 1100mV 0C Model Minimum Pulse Width 'vga:vga_instance|clk25'
Slack : -0.394
TNS   : -46.120

Type  : Fast 1100mV 85C Model Setup 'systemClock50MHz'
Slack : -6.416
TNS   : -82689.848

Type  : Fast 1100mV 85C Model Setup 'vga:vga_instance|clk25'
Slack : -3.880
TNS   : -161.675

Type  : Fast 1100mV 85C Model Hold 'systemClock50MHz'
Slack : 0.183
TNS   : 0.000

Type  : Fast 1100mV 85C Model Hold 'vga:vga_instance|clk25'
Slack : 0.321
TNS   : 0.000

Type  : Fast 1100mV 85C Model Minimum Pulse Width 'systemClock50MHz'
Slack : -0.696
TNS   : -1443.579

Type  : Fast 1100mV 85C Model Minimum Pulse Width 'vga:vga_instance|clk25'
Slack : -0.026
TNS   : -0.160

Type  : Fast 1100mV 0C Model Setup 'systemClock50MHz'
Slack : -5.548
TNS   : -71907.519

Type  : Fast 1100mV 0C Model Setup 'vga:vga_instance|clk25'
Slack : -3.626
TNS   : -145.569

Type  : Fast 1100mV 0C Model Hold 'systemClock50MHz'
Slack : 0.172
TNS   : 0.000

Type  : Fast 1100mV 0C Model Hold 'vga:vga_instance|clk25'
Slack : 0.304
TNS   : 0.000

Type  : Fast 1100mV 0C Model Minimum Pulse Width 'systemClock50MHz'
Slack : -0.679
TNS   : -1424.572

Type  : Fast 1100mV 0C Model Minimum Pulse Width 'vga:vga_instance|clk25'
Slack : 0.009
TNS   : 0.000

------------------------------------------------------------
