Timing Analyzer report for lab1
Thu Feb 26 22:31:56 2026
Quartus Prime Version 25.1std.0 Build 1129 10/21/2025 SC Lite Edition


---------------------
; Table of Contents ;
---------------------
  1. Legal Notice
  2. Timing Analyzer Summary
  3. Parallel Compilation
  4. Clocks
  5. Slow 1100mV 85C Model Fmax Summary
  6. Timing Closure Recommendations
  7. Slow 1100mV 85C Model Setup Summary
  8. Slow 1100mV 85C Model Hold Summary
  9. Slow 1100mV 85C Model Recovery Summary
 10. Slow 1100mV 85C Model Removal Summary
 11. Slow 1100mV 85C Model Minimum Pulse Width Summary
 12. Slow 1100mV 85C Model Metastability Summary
 13. Slow 1100mV 0C Model Fmax Summary
 14. Slow 1100mV 0C Model Setup Summary
 15. Slow 1100mV 0C Model Hold Summary
 16. Slow 1100mV 0C Model Recovery Summary
 17. Slow 1100mV 0C Model Removal Summary
 18. Slow 1100mV 0C Model Minimum Pulse Width Summary
 19. Slow 1100mV 0C Model Metastability Summary
 20. Fast 1100mV 85C Model Setup Summary
 21. Fast 1100mV 85C Model Hold Summary
 22. Fast 1100mV 85C Model Recovery Summary
 23. Fast 1100mV 85C Model Removal Summary
 24. Fast 1100mV 85C Model Minimum Pulse Width Summary
 25. Fast 1100mV 85C Model Metastability Summary
 26. Fast 1100mV 0C Model Setup Summary
 27. Fast 1100mV 0C Model Hold Summary
 28. Fast 1100mV 0C Model Recovery Summary
 29. Fast 1100mV 0C Model Removal Summary
 30. Fast 1100mV 0C Model Minimum Pulse Width Summary
 31. Fast 1100mV 0C Model Metastability Summary
 32. Multicorner Timing Analysis Summary
 33. Board Trace Model Assignments
 34. Input Transition Times
 35. Signal Integrity Metrics (Slow 1100mv 0c Model)
 36. Signal Integrity Metrics (Slow 1100mv 85c Model)
 37. Signal Integrity Metrics (Fast 1100mv 0c Model)
 38. Signal Integrity Metrics (Fast 1100mv 85c Model)
 39. Setup Transfers
 40. Hold Transfers
 41. Report TCCS
 42. Report RSKM
 43. Unconstrained Paths Summary
 44. Clock Status Summary
 45. Unconstrained Input Ports
 46. Unconstrained Output Ports
 47. Unconstrained Input Ports
 48. Unconstrained Output Ports
 49. Timing Analyzer Messages



----------------
; Legal Notice ;
----------------
Copyright (C) 2025  Altera Corporation. All rights reserved.
Your use of Altera Corporation's design tools, logic functions 
and other software and tools, and any partner logic 
functions, and any output files from any of the foregoing 
(including device programming or simulation files), and any 
associated documentation or information are expressly subject 
to the terms and conditions of the Altera Program License 
Subscription Agreement, the Altera Quartus Prime License Agreement,
the Altera IP License Agreement, or other applicable license
agreement, including, without limitation, that your use is for
the sole purpose of programming logic devices manufactured by
Altera and sold by Altera or its authorized distributors.  Please
refer to the Altera Software License Subscription Agreements 
on the Quartus Prime software download page.



+---------------------------------------------------------------------------------+
; Timing Analyzer Summary                                                         ;
+-----------------------+---------------------------------------------------------+
; Quartus Prime Version ; Version 25.1std.0 Build 1129 10/21/2025 SC Lite Edition ;
; Timing Analyzer       ; Legacy Timing Analyzer                                  ;
; Revision Name         ; lab1                                                    ;
; Device Family         ; Cyclone V                                               ;
; Device Name           ; 5CSEMA5F31C6                                            ;
; Timing Models         ; Final                                                   ;
; Delay Model           ; Combined                                                ;
; Rise/Fall Delays      ; Enabled                                                 ;
+-----------------------+---------------------------------------------------------+


+------------------------------------------+
; Parallel Compilation                     ;
+----------------------------+-------------+
; Processors                 ; Number      ;
+----------------------------+-------------+
; Number detected on machine ; 32          ;
; Maximum allowed            ; 16          ;
;                            ;             ;
; Average used               ; 1.36        ;
; Maximum used               ; 16          ;
;                            ;             ;
; Usage by Processor         ; % Time Used ;
;     Processor 1            ; 100.0%      ;
;     Processor 2            ;   3.0%      ;
;     Processor 3            ;   2.9%      ;
;     Processor 4            ;   2.9%      ;
;     Processor 5            ;   2.6%      ;
;     Processor 6            ;   2.6%      ;
;     Processor 7            ;   2.6%      ;
;     Processor 8            ;   2.6%      ;
;     Processor 9            ;   2.5%      ;
;     Processor 10           ;   2.5%      ;
;     Processor 11           ;   2.5%      ;
;     Processor 12           ;   2.5%      ;
;     Processor 13           ;   2.5%      ;
;     Processor 14           ;   2.5%      ;
;     Processors 15-16       ;   1.1%      ;
+----------------------------+-------------+


+--------------------------------------------------------------------------------------------------------------------------------------------------------------------------------------------------------------------------------------------------+
; Clocks                                                                                                                                                                                                                                           ;
+-----------------------------------------+------+--------+------------+-------+-------+------------+-----------+-------------+-------+--------+-----------+------------+----------+--------+--------+---------------------------------------------+
; Clock Name                              ; Type ; Period ; Frequency  ; Rise  ; Fall  ; Duty Cycle ; Divide by ; Multiply by ; Phase ; Offset ; Edge List ; Edge Shift ; Inverted ; Master ; Source ; Targets                                     ;
+-----------------------------------------+------+--------+------------+-------+-------+------------+-----------+-------------+-------+--------+-----------+------------+----------+--------+--------+---------------------------------------------+
; audio_configurator:i2c_conf|i2c_clk_reg ; Base ; 1.000  ; 1000.0 MHz ; 0.000 ; 0.500 ;            ;           ;             ;       ;        ;           ;            ;          ;        ;        ; { audio_configurator:i2c_conf|i2c_clk_reg } ;
; audio_output:dac_driver|counter[2]      ; Base ; 1.000  ; 1000.0 MHz ; 0.000 ; 0.500 ;            ;           ;             ;       ;        ;           ;            ;          ;        ;        ; { audio_output:dac_driver|counter[2] }      ;
; audio_output:dac_driver|counter[7]      ; Base ; 1.000  ; 1000.0 MHz ; 0.000 ; 0.500 ;            ;           ;             ;       ;        ;           ;            ;          ;        ;        ; { audio_output:dac_driver|counter[7] }      ;
; audio_output:dac_driver|mclk_count[1]   ; Base ; 1.000  ; 1000.0 MHz ; 0.000 ; 0.500 ;            ;           ;             ;       ;        ;           ;            ;          ;        ;        ; { audio_output:dac_driver|mclk_count[1] }   ;
; CLOCK_50                                ; Base ; 1.000  ; 1000.0 MHz ; 0.000 ; 0.500 ;            ;           ;             ;       ;        ;           ;            ;          ;        ;        ; { CLOCK_50 }                                ;
+-----------------------------------------+------+--------+------------+-------+-------+------------+-----------+-------------+-------+--------+-----------+------------+----------+--------+--------+---------------------------------------------+


+-------------------------------------------------------------------------------+
; Slow 1100mV 85C Model Fmax Summary                                            ;
+------------+-----------------+-----------------------------------------+------+
; Fmax       ; Restricted Fmax ; Clock Name                              ; Note ;
+------------+-----------------+-----------------------------------------+------+
; 221.73 MHz ; 221.73 MHz      ; audio_output:dac_driver|counter[2]      ;      ;
; 229.83 MHz ; 229.83 MHz      ; CLOCK_50                                ;      ;
; 278.71 MHz ; 278.71 MHz      ; audio_configurator:i2c_conf|i2c_clk_reg ;      ;
; 283.29 MHz ; 283.29 MHz      ; audio_output:dac_driver|mclk_count[1]   ;      ;
; 333.67 MHz ; 333.67 MHz      ; audio_output:dac_driver|counter[7]      ;      ;
+------------+-----------------+-----------------------------------------+------+
This panel reports FMAX for every clock in the design, regardless of the user-specified clock periods.  FMAX is only computed for paths where the source and destination registers or ports are driven by the same clock.  Paths of different clocks, including generated clocks, are ignored.  For paths between a clock and its inversion, FMAX is computed as if the rising and falling edges are scaled along with FMAX, such that the duty cycle (in terms of a percentage) is maintained. Altera recommends that you always use clock constraints and other slack reports for sign-off analysis.


----------------------------------
; Timing Closure Recommendations ;
----------------------------------
HTML report is unavailable in plain text report export.


+------------------------------------------------------------------+
; Slow 1100mV 85C Model Setup Summary                              ;
+-----------------------------------------+--------+---------------+
; Clock                                   ; Slack  ; End Point TNS ;
+-----------------------------------------+--------+---------------+
; CLOCK_50                                ; -4.804 ; -18.468       ;
; audio_configurator:i2c_conf|i2c_clk_reg ; -2.588 ; -105.870      ;
; audio_output:dac_driver|mclk_count[1]   ; -2.530 ; -17.208       ;
; audio_output:dac_driver|counter[7]      ; -1.997 ; -19.952       ;
; audio_output:dac_driver|counter[2]      ; -1.773 ; -1.773        ;
+-----------------------------------------+--------+---------------+


+-----------------------------------------------------------------+
; Slow 1100mV 85C Model Hold Summary                              ;
+-----------------------------------------+-------+---------------+
; Clock                                   ; Slack ; End Point TNS ;
+-----------------------------------------+-------+---------------+
; audio_configurator:i2c_conf|i2c_clk_reg ; 0.224 ; 0.000         ;
; audio_output:dac_driver|mclk_count[1]   ; 0.239 ; 0.000         ;
; CLOCK_50                                ; 0.510 ; 0.000         ;
; audio_output:dac_driver|counter[2]      ; 0.686 ; 0.000         ;
; audio_output:dac_driver|counter[7]      ; 0.687 ; 0.000         ;
+-----------------------------------------+-------+---------------+


------------------------------------------
; Slow 1100mV 85C Model Recovery Summary ;
------------------------------------------
No paths to report.


-----------------------------------------
; Slow 1100mV 85C Model Removal Summary ;
-----------------------------------------
No paths to report.


+------------------------------------------------------------------+
; Slow 1100mV 85C Model Minimum Pulse Width Summary                ;
+-----------------------------------------+--------+---------------+
; Clock                                   ; Slack  ; End Point TNS ;
+-----------------------------------------+--------+---------------+
; CLOCK_50                                ; -0.947 ; -7.561        ;
; audio_configurator:i2c_conf|i2c_clk_reg ; -0.394 ; -30.215       ;
; audio_output:dac_driver|counter[7]      ; -0.394 ; -5.201        ;
; audio_output:dac_driver|mclk_count[1]   ; -0.394 ; -4.941        ;
; audio_output:dac_driver|counter[2]      ; -0.394 ; -0.606        ;
+-----------------------------------------+--------+---------------+


-----------------------------------------------
; Slow 1100mV 85C Model Metastability Summary ;
-----------------------------------------------
No synchronizer chains to report.


+-------------------------------------------------------------------------------+
; Slow 1100mV 0C Model Fmax Summary                                             ;
+------------+-----------------+-----------------------------------------+------+
; Fmax       ; Restricted Fmax ; Clock Name                              ; Note ;
+------------+-----------------+-----------------------------------------+------+
; 215.47 MHz ; 215.47 MHz      ; CLOCK_50                                ;      ;
; 226.24 MHz ; 226.24 MHz      ; audio_output:dac_driver|counter[2]      ;      ;
; 279.25 MHz ; 279.25 MHz      ; audio_output:dac_driver|mclk_count[1]   ;      ;
; 282.97 MHz ; 282.97 MHz      ; audio_configurator:i2c_conf|i2c_clk_reg ;      ;
; 330.03 MHz ; 330.03 MHz      ; audio_output:dac_driver|counter[7]      ;      ;
+------------+-----------------+-----------------------------------------+------+
This panel reports FMAX for every clock in the design, regardless of the user-specified clock periods.  FMAX is only computed for paths where the source and destination registers or ports are driven by the same clock.  Paths of different clocks, including generated clocks, are ignored.  For paths between a clock and its inversion, FMAX is computed as if the rising and falling edges are scaled along with FMAX, such that the duty cycle (in terms of a percentage) is maintained. Altera recommends that you always use clock constraints and other slack reports for sign-off analysis.


+------------------------------------------------------------------+
; Slow 1100mV 0C Model Setup Summary                               ;
+-----------------------------------------+--------+---------------+
; Clock                                   ; Slack  ; End Point TNS ;
+-----------------------------------------+--------+---------------+
; CLOCK_50                                ; -4.664 ; -18.111       ;
; audio_output:dac_driver|mclk_count[1]   ; -2.581 ; -17.677       ;
; audio_configurator:i2c_conf|i2c_clk_reg ; -2.534 ; -101.888      ;
; audio_output:dac_driver|counter[7]      ; -2.030 ; -19.913       ;
; audio_output:dac_driver|counter[2]      ; -1.710 ; -1.710        ;
+-----------------------------------------+--------+---------------+


+-----------------------------------------------------------------+
; Slow 1100mV 0C Model Hold Summary                               ;
+-----------------------------------------+-------+---------------+
; Clock                                   ; Slack ; End Point TNS ;
+-----------------------------------------+-------+---------------+
; audio_configurator:i2c_conf|i2c_clk_reg ; 0.213 ; 0.000         ;
; audio_output:dac_driver|mclk_count[1]   ; 0.367 ; 0.000         ;
; CLOCK_50                                ; 0.519 ; 0.000         ;
; audio_output:dac_driver|counter[2]      ; 0.613 ; 0.000         ;
; audio_output:dac_driver|counter[7]      ; 0.674 ; 0.000         ;
+-----------------------------------------+-------+---------------+


-----------------------------------------
; Slow 1100mV 0C Model Recovery Summary ;
-----------------------------------------
No paths to report.


----------------------------------------
; Slow 1100mV 0C Model Removal Summary ;
----------------------------------------
No paths to report.


+------------------------------------------------------------------+
; Slow 1100mV 0C Model Minimum Pulse Width Summary                 ;
+-----------------------------------------+--------+---------------+
; Clock                                   ; Slack  ; End Point TNS ;
+-----------------------------------------+--------+---------------+
; CLOCK_50                                ; -0.944 ; -8.097        ;
; audio_configurator:i2c_conf|i2c_clk_reg ; -0.394 ; -29.612       ;
; audio_output:dac_driver|counter[7]      ; -0.394 ; -5.120        ;
; audio_output:dac_driver|mclk_count[1]   ; -0.394 ; -4.918        ;
; audio_output:dac_driver|counter[2]      ; -0.394 ; -0.516        ;
+-----------------------------------------+--------+---------------+


----------------------------------------------
; Slow 1100mV 0C Model Metastability Summary ;
----------------------------------------------
No synchronizer chains to report.


+------------------------------------------------------------------+
; Fast 1100mV 85C Model Setup Summary                              ;
+-----------------------------------------+--------+---------------+
; Clock                                   ; Slack  ; End Point TNS ;
+-----------------------------------------+--------+---------------+
; CLOCK_50                                ; -3.946 ; -9.800        ;
; audio_output:dac_driver|mclk_count[1]   ; -1.405 ; -7.789        ;
; audio_configurator:i2c_conf|i2c_clk_reg ; -1.269 ; -46.657       ;
; audio_output:dac_driver|counter[2]      ; -0.968 ; -0.968        ;
; audio_output:dac_driver|counter[7]      ; -0.838 ; -8.077        ;
+-----------------------------------------+--------+---------------+


+------------------------------------------------------------------+
; Fast 1100mV 85C Model Hold Summary                               ;
+-----------------------------------------+--------+---------------+
; Clock                                   ; Slack  ; End Point TNS ;
+-----------------------------------------+--------+---------------+
; audio_output:dac_driver|mclk_count[1]   ; -0.055 ; -0.064        ;
; audio_configurator:i2c_conf|i2c_clk_reg ; 0.067  ; 0.000         ;
; CLOCK_50                                ; 0.235  ; 0.000         ;
; audio_output:dac_driver|counter[7]      ; 0.355  ; 0.000         ;
; audio_output:dac_driver|counter[2]      ; 0.396  ; 0.000         ;
+-----------------------------------------+--------+---------------+


------------------------------------------
; Fast 1100mV 85C Model Recovery Summary ;
------------------------------------------
No paths to report.


-----------------------------------------
; Fast 1100mV 85C Model Removal Summary ;
-----------------------------------------
No paths to report.


+------------------------------------------------------------------+
; Fast 1100mV 85C Model Minimum Pulse Width Summary                ;
+-----------------------------------------+--------+---------------+
; Clock                                   ; Slack  ; End Point TNS ;
+-----------------------------------------+--------+---------------+
; CLOCK_50                                ; -0.833 ; -3.005        ;
; audio_configurator:i2c_conf|i2c_clk_reg ; 0.066  ; 0.000         ;
; audio_output:dac_driver|mclk_count[1]   ; 0.069  ; 0.000         ;
; audio_output:dac_driver|counter[2]      ; 0.122  ; 0.000         ;
; audio_output:dac_driver|counter[7]      ; 0.157  ; 0.000         ;
+-----------------------------------------+--------+---------------+


-----------------------------------------------
; Fast 1100mV 85C Model Metastability Summary ;
-----------------------------------------------
No synchronizer chains to report.


+------------------------------------------------------------------+
; Fast 1100mV 0C Model Setup Summary                               ;
+-----------------------------------------+--------+---------------+
; Clock                                   ; Slack  ; End Point TNS ;
+-----------------------------------------+--------+---------------+
; CLOCK_50                                ; -3.362 ; -8.173        ;
; audio_output:dac_driver|mclk_count[1]   ; -1.263 ; -7.273        ;
; audio_configurator:i2c_conf|i2c_clk_reg ; -1.069 ; -39.702       ;
; audio_output:dac_driver|counter[2]      ; -0.876 ; -0.876        ;
; audio_output:dac_driver|counter[7]      ; -0.758 ; -7.243        ;
+-----------------------------------------+--------+---------------+


+------------------------------------------------------------------+
; Fast 1100mV 0C Model Hold Summary                                ;
+-----------------------------------------+--------+---------------+
; Clock                                   ; Slack  ; End Point TNS ;
+-----------------------------------------+--------+---------------+
; audio_output:dac_driver|mclk_count[1]   ; -0.027 ; -0.027        ;
; audio_configurator:i2c_conf|i2c_clk_reg ; 0.050  ; 0.000         ;
; CLOCK_50                                ; 0.223  ; 0.000         ;
; audio_output:dac_driver|counter[7]      ; 0.322  ; 0.000         ;
; audio_output:dac_driver|counter[2]      ; 0.351  ; 0.000         ;
+-----------------------------------------+--------+---------------+


-----------------------------------------
; Fast 1100mV 0C Model Recovery Summary ;
-----------------------------------------
No paths to report.


----------------------------------------
; Fast 1100mV 0C Model Removal Summary ;
----------------------------------------
No paths to report.


+------------------------------------------------------------------+
; Fast 1100mV 0C Model Minimum Pulse Width Summary                 ;
+-----------------------------------------+--------+---------------+
; Clock                                   ; Slack  ; End Point TNS ;
+-----------------------------------------+--------+---------------+
; CLOCK_50                                ; -0.780 ; -2.911        ;
; audio_configurator:i2c_conf|i2c_clk_reg ; 0.085  ; 0.000         ;
; audio_output:dac_driver|mclk_count[1]   ; 0.089  ; 0.000         ;
; audio_output:dac_driver|counter[2]      ; 0.134  ; 0.000         ;
; audio_output:dac_driver|counter[7]      ; 0.159  ; 0.000         ;
+-----------------------------------------+--------+---------------+


----------------------------------------------
; Fast 1100mV 0C Model Metastability Summary ;
----------------------------------------------
No synchronizer chains to report.


+---------------------------------------------------------------------------------------------------------+
; Multicorner Timing Analysis Summary                                                                     ;
+------------------------------------------+----------+--------+----------+---------+---------------------+
; Clock                                    ; Setup    ; Hold   ; Recovery ; Removal ; Minimum Pulse Width ;
+------------------------------------------+----------+--------+----------+---------+---------------------+
; Worst-case Slack                         ; -4.804   ; -0.055 ; N/A      ; N/A     ; -0.947              ;
;  CLOCK_50                                ; -4.804   ; 0.223  ; N/A      ; N/A     ; -0.947              ;
;  audio_configurator:i2c_conf|i2c_clk_reg ; -2.588   ; 0.050  ; N/A      ; N/A     ; -0.394              ;
;  audio_output:dac_driver|counter[2]      ; -1.773   ; 0.351  ; N/A      ; N/A     ; -0.394              ;
;  audio_output:dac_driver|counter[7]      ; -2.030   ; 0.322  ; N/A      ; N/A     ; -0.394              ;
;  audio_output:dac_driver|mclk_count[1]   ; -2.581   ; -0.055 ; N/A      ; N/A     ; -0.394              ;
; Design-wide TNS                          ; -163.271 ; -0.064 ; 0.0      ; 0.0     ; -48.524             ;
;  CLOCK_50                                ; -18.468  ; 0.000  ; N/A      ; N/A     ; -8.097              ;
;  audio_configurator:i2c_conf|i2c_clk_reg ; -105.870 ; 0.000  ; N/A      ; N/A     ; -30.215             ;
;  audio_output:dac_driver|counter[2]      ; -1.773   ; 0.000  ; N/A      ; N/A     ; -0.606              ;
;  audio_output:dac_driver|counter[7]      ; -19.952  ; 0.000  ; N/A      ; N/A     ; -5.201              ;
;  audio_output:dac_driver|mclk_count[1]   ; -17.677  ; -0.064 ; N/A      ; N/A     ; -4.941              ;
+------------------------------------------+----------+--------+----------+---------+---------------------+


+------------------------------------------------------------------------------------------------------------------------------------------------------------------------------------------------------------------------------------------------------------------------------------------------------------------------------------------------------------------------------------------------------------------+
; Board Trace Model Assignments                                                                                                                                                                                                                                                                                                                                                                                    ;
+---------------+--------------+-------------------+-------------------------+-------------------------+---------------+---------------------+----------------+------------------+--------+------------------+------------------------+------------------------+--------------+---------------+-----------------+-------+---------------------+--------------------+---------------+-----------------+-------------+
; Pin           ; I/O Standard ; Near Tline Length ; Near Tline L per Length ; Near Tline C per Length ; Near Series R ; Near Differential R ; Near Pull-up R ; Near Pull-down R ; Near C ; Far Tline Length ; Far Tline L per Length ; Far Tline C per Length ; Far Series R ; Far Pull-up R ; Far Pull-down R ; Far C ; Termination Voltage ; Far Differential R ; EBD File Name ; EBD Signal Name ; EBD Far-end ;
+---------------+--------------+-------------------+-------------------------+-------------------------+---------------+---------------------+----------------+------------------+--------+------------------+------------------------+------------------------+--------------+---------------+-----------------+-------+---------------------+--------------------+---------------+-----------------+-------------+
; AUD_XCK       ; 2.5 V        ; 0 in              ; 0 H/in                  ; 0 F/in                  ; short         ; -                   ; open           ; open             ; open   ; 0 in             ; 0 H/in                 ; 0 F/in                 ; short        ; open          ; open            ; open  ; 0 V                 ; -                  ; n/a           ; n/a             ; n/a         ;
; AUD_BCLK      ; 2.5 V        ; 0 in              ; 0 H/in                  ; 0 F/in                  ; short         ; -                   ; open           ; open             ; open   ; 0 in             ; 0 H/in                 ; 0 F/in                 ; short        ; open          ; open            ; open  ; 0 V                 ; -                  ; n/a           ; n/a             ; n/a         ;
; AUD_DACLRCK   ; 2.5 V        ; 0 in              ; 0 H/in                  ; 0 F/in                  ; short         ; -                   ; open           ; open             ; open   ; 0 in             ; 0 H/in                 ; 0 F/in                 ; short        ; open          ; open            ; open  ; 0 V                 ; -                  ; n/a           ; n/a             ; n/a         ;
; AUD_DACDAT    ; 2.5 V        ; 0 in              ; 0 H/in                  ; 0 F/in                  ; short         ; -                   ; open           ; open             ; open   ; 0 in             ; 0 H/in                 ; 0 F/in                 ; short        ; open          ; open            ; open  ; 0 V                 ; -                  ; n/a           ; n/a             ; n/a         ;
; error         ; 2.5 V        ; 0 in              ; 0 H/in                  ; 0 F/in                  ; short         ; -                   ; open           ; open             ; open   ; 0 in             ; 0 H/in                 ; 0 F/in                 ; short        ; open          ; open            ; open  ; 0 V                 ; -                  ; n/a           ; n/a             ; n/a         ;
; FPGA_I2C_SCLK ; 2.5 V        ; 0 in              ; 0 H/in                  ; 0 F/in                  ; short         ; -                   ; open           ; open             ; open   ; 0 in             ; 0 H/in                 ; 0 F/in                 ; short        ; open          ; open            ; open  ; 0 V                 ; -                  ; n/a           ; n/a             ; n/a         ;
; FPGA_I2C_SDAT ; 2.5 V        ; 0 in              ; 0 H/in                  ; 0 F/in                  ; short         ; -                   ; open           ; open             ; open   ; 0 in             ; 0 H/in                 ; 0 F/in                 ; short        ; open          ; open            ; open  ; 0 V                 ; -                  ; n/a           ; n/a             ; n/a         ;
+---------------+--------------+-------------------+-------------------------+-------------------------+---------------+---------------------+----------------+------------------+--------+------------------+------------------------+------------------------+--------------+---------------+-----------------+-------+---------------------+--------------------+---------------+-----------------+-------------+


+------------------------------------------------------------------+
; Input Transition Times                                           ;
+---------------+--------------+-----------------+-----------------+
; Pin           ; I/O Standard ; 10-90 Rise Time ; 90-10 Fall Time ;
+---------------+--------------+-----------------+-----------------+
; FPGA_I2C_SCLK ; 2.5 V        ; 2000 ps         ; 2000 ps         ;
; FPGA_I2C_SDAT ; 2.5 V        ; 2000 ps         ; 2000 ps         ;
; CLOCK_50      ; 2.5 V        ; 2000 ps         ; 2000 ps         ;
; RESET_N       ; 2.5 V        ; 2000 ps         ; 2000 ps         ;
; pitch[0]      ; 2.5 V        ; 2000 ps         ; 2000 ps         ;
; pitch[1]      ; 2.5 V        ; 2000 ps         ; 2000 ps         ;
; configure_N   ; 2.5 V        ; 2000 ps         ; 2000 ps         ;
+---------------+--------------+-----------------+-----------------+


+--------------------------------------------------------------------------------------------------------------------------------------------------------------------------------------------------------------------------------------------------------------------------------------------------------------------------------------------------------------------------------------------------------------------------------------------------------------------------------------------------------------------------------------------------------------------------------------------------------------------------------------------------------------------------------------------+
; Signal Integrity Metrics (Slow 1100mv 0c Model)                                                                                                                                                                                                                                                                                                                                                                                                                                                                                                                                                                                                                                            ;
+---------------+--------------+---------------------+---------------------+------------------------------+------------------------------+---------------------+---------------------+--------------------------------------+--------------------------------------+-----------------------------+-----------------------------+----------------------------+----------------------------+-----------------------------+-----------------------------+--------------------+--------------------+-------------------------------------+-------------------------------------+----------------------------+----------------------------+---------------------------+---------------------------+
; Pin           ; I/O Standard ; Board Delay on Rise ; Board Delay on Fall ; Steady State Voh at FPGA Pin ; Steady State Vol at FPGA Pin ; Voh Max at FPGA Pin ; Vol Min at FPGA Pin ; Ringback Voltage on Rise at FPGA Pin ; Ringback Voltage on Fall at FPGA Pin ; 10-90 Rise Time at FPGA Pin ; 90-10 Fall Time at FPGA Pin ; Monotonic Rise at FPGA Pin ; Monotonic Fall at FPGA Pin ; Steady State Voh at Far-end ; Steady State Vol at Far-end ; Voh Max at Far-end ; Vol Min at Far-end ; Ringback Voltage on Rise at Far-end ; Ringback Voltage on Fall at Far-end ; 10-90 Rise Time at Far-end ; 90-10 Fall Time at Far-end ; Monotonic Rise at Far-end ; Monotonic Fall at Far-end ;
+---------------+--------------+---------------------+---------------------+------------------------------+------------------------------+---------------------+---------------------+--------------------------------------+--------------------------------------+-----------------------------+-----------------------------+----------------------------+----------------------------+-----------------------------+-----------------------------+--------------------+--------------------+-------------------------------------+-------------------------------------+----------------------------+----------------------------+---------------------------+---------------------------+
; AUD_XCK       ; 2.5 V        ; 0 s                 ; 0 s                 ; 2.32 V                       ; 3.52e-07 V                   ; 2.42 V              ; -0.0568 V           ; 0.173 V                              ; 0.113 V                              ; 4.5e-10 s                   ; 4.35e-10 s                  ; No                         ; No                         ; 2.32 V                      ; 3.52e-07 V                  ; 2.42 V             ; -0.0568 V          ; 0.173 V                             ; 0.113 V                             ; 4.5e-10 s                  ; 4.35e-10 s                 ; No                        ; No                        ;
; AUD_BCLK      ; 2.5 V        ; 0 s                 ; 0 s                 ; 2.32 V                       ; 3.07e-07 V                   ; 2.36 V              ; -0.0231 V           ; 0.14 V                               ; 0.089 V                              ; 4.52e-10 s                  ; 4.35e-10 s                  ; No                         ; Yes                        ; 2.32 V                      ; 3.07e-07 V                  ; 2.36 V             ; -0.0231 V          ; 0.14 V                              ; 0.089 V                             ; 4.52e-10 s                 ; 4.35e-10 s                 ; No                        ; Yes                       ;
; AUD_DACLRCK   ; 2.5 V        ; 0 s                 ; 0 s                 ; 2.32 V                       ; 3.6e-07 V                    ; 2.41 V              ; -0.0463 V           ; 0.201 V                              ; 0.131 V                              ; 4.61e-10 s                  ; 4.53e-10 s                  ; No                         ; Yes                        ; 2.32 V                      ; 3.6e-07 V                   ; 2.41 V             ; -0.0463 V          ; 0.201 V                             ; 0.131 V                             ; 4.61e-10 s                 ; 4.53e-10 s                 ; No                        ; Yes                       ;
; AUD_DACDAT    ; 2.5 V        ; 0 s                 ; 0 s                 ; 2.32 V                       ; 3.6e-07 V                    ; 2.41 V              ; -0.0463 V           ; 0.201 V                              ; 0.131 V                              ; 4.61e-10 s                  ; 4.53e-10 s                  ; No                         ; Yes                        ; 2.32 V                      ; 3.6e-07 V                   ; 2.41 V             ; -0.0463 V          ; 0.201 V                             ; 0.131 V                             ; 4.61e-10 s                 ; 4.53e-10 s                 ; No                        ; Yes                       ;
; error         ; 2.5 V        ; 0 s                 ; 0 s                 ; 2.32 V                       ; 3.6e-07 V                    ; 2.41 V              ; -0.0463 V           ; 0.201 V                              ; 0.131 V                              ; 4.61e-10 s                  ; 4.53e-10 s                  ; No                         ; Yes                        ; 2.32 V                      ; 3.6e-07 V                   ; 2.41 V             ; -0.0463 V          ; 0.201 V                             ; 0.131 V                             ; 4.61e-10 s                 ; 4.53e-10 s                 ; No                        ; Yes                       ;
; FPGA_I2C_SCLK ; 2.5 V        ; 0 s                 ; 0 s                 ; 2.32 V                       ; 3.07e-07 V                   ; 2.36 V              ; -0.0231 V           ; 0.14 V                               ; 0.089 V                              ; 4.52e-10 s                  ; 4.35e-10 s                  ; No                         ; Yes                        ; 2.32 V                      ; 3.07e-07 V                  ; 2.36 V             ; -0.0231 V          ; 0.14 V                              ; 0.089 V                             ; 4.52e-10 s                 ; 4.35e-10 s                 ; No                        ; Yes                       ;
; FPGA_I2C_SDAT ; 2.5 V        ; 0 s                 ; 0 s                 ; 2.32 V                       ; 3.6e-07 V                    ; 2.41 V              ; -0.0463 V           ; 0.201 V                              ; 0.131 V                              ; 4.61e-10 s                  ; 4.53e-10 s                  ; No                         ; Yes                        ; 2.32 V                      ; 3.6e-07 V                   ; 2.41 V             ; -0.0463 V          ; 0.201 V                             ; 0.131 V                             ; 4.61e-10 s                 ; 4.53e-10 s                 ; No                        ; Yes                       ;
+---------------+--------------+---------------------+---------------------+------------------------------+------------------------------+---------------------+---------------------+--------------------------------------+--------------------------------------+-----------------------------+-----------------------------+----------------------------+----------------------------+-----------------------------+-----------------------------+--------------------+--------------------+-------------------------------------+-------------------------------------+----------------------------+----------------------------+---------------------------+---------------------------+


+--------------------------------------------------------------------------------------------------------------------------------------------------------------------------------------------------------------------------------------------------------------------------------------------------------------------------------------------------------------------------------------------------------------------------------------------------------------------------------------------------------------------------------------------------------------------------------------------------------------------------------------------------------------------------------------------+
; Signal Integrity Metrics (Slow 1100mv 85c Model)                                                                                                                                                                                                                                                                                                                                                                                                                                                                                                                                                                                                                                           ;
+---------------+--------------+---------------------+---------------------+------------------------------+------------------------------+---------------------+---------------------+--------------------------------------+--------------------------------------+-----------------------------+-----------------------------+----------------------------+----------------------------+-----------------------------+-----------------------------+--------------------+--------------------+-------------------------------------+-------------------------------------+----------------------------+----------------------------+---------------------------+---------------------------+
; Pin           ; I/O Standard ; Board Delay on Rise ; Board Delay on Fall ; Steady State Voh at FPGA Pin ; Steady State Vol at FPGA Pin ; Voh Max at FPGA Pin ; Vol Min at FPGA Pin ; Ringback Voltage on Rise at FPGA Pin ; Ringback Voltage on Fall at FPGA Pin ; 10-90 Rise Time at FPGA Pin ; 90-10 Fall Time at FPGA Pin ; Monotonic Rise at FPGA Pin ; Monotonic Fall at FPGA Pin ; Steady State Voh at Far-end ; Steady State Vol at Far-end ; Voh Max at Far-end ; Vol Min at Far-end ; Ringback Voltage on Rise at Far-end ; Ringback Voltage on Fall at Far-end ; 10-90 Rise Time at Far-end ; 90-10 Fall Time at Far-end ; Monotonic Rise at Far-end ; Monotonic Fall at Far-end ;
+---------------+--------------+---------------------+---------------------+------------------------------+------------------------------+---------------------+---------------------+--------------------------------------+--------------------------------------+-----------------------------+-----------------------------+----------------------------+----------------------------+-----------------------------+-----------------------------+--------------------+--------------------+-------------------------------------+-------------------------------------+----------------------------+----------------------------+---------------------------+---------------------------+
; AUD_XCK       ; 2.5 V        ; 0 s                 ; 0 s                 ; 2.32 V                       ; 3.88e-05 V                   ; 2.39 V              ; -0.0374 V           ; 0.189 V                              ; 0.158 V                              ; 4.66e-10 s                  ; 4.67e-10 s                  ; No                         ; Yes                        ; 2.32 V                      ; 3.88e-05 V                  ; 2.39 V             ; -0.0374 V          ; 0.189 V                             ; 0.158 V                             ; 4.66e-10 s                 ; 4.67e-10 s                 ; No                        ; Yes                       ;
; AUD_BCLK      ; 2.5 V        ; 0 s                 ; 0 s                 ; 2.32 V                       ; 3.49e-05 V                   ; 2.34 V              ; -0.0118 V           ; 0.182 V                              ; 0.051 V                              ; 4.81e-10 s                  ; 4.83e-10 s                  ; Yes                        ; Yes                        ; 2.32 V                      ; 3.49e-05 V                  ; 2.34 V             ; -0.0118 V          ; 0.182 V                             ; 0.051 V                             ; 4.81e-10 s                 ; 4.83e-10 s                 ; Yes                       ; Yes                       ;
; AUD_DACLRCK   ; 2.5 V        ; 0 s                 ; 0 s                 ; 2.32 V                       ; 3.96e-05 V                   ; 2.38 V              ; -0.0306 V           ; 0.23 V                               ; 0.206 V                              ; 4.83e-10 s                  ; 5.01e-10 s                  ; No                         ; Yes                        ; 2.32 V                      ; 3.96e-05 V                  ; 2.38 V             ; -0.0306 V          ; 0.23 V                              ; 0.206 V                             ; 4.83e-10 s                 ; 5.01e-10 s                 ; No                        ; Yes                       ;
; AUD_DACDAT    ; 2.5 V        ; 0 s                 ; 0 s                 ; 2.32 V                       ; 3.96e-05 V                   ; 2.38 V              ; -0.0306 V           ; 0.23 V                               ; 0.206 V                              ; 4.83e-10 s                  ; 5.01e-10 s                  ; No                         ; Yes                        ; 2.32 V                      ; 3.96e-05 V                  ; 2.38 V             ; -0.0306 V          ; 0.23 V                              ; 0.206 V                             ; 4.83e-10 s                 ; 5.01e-10 s                 ; No                        ; Yes                       ;
; error         ; 2.5 V        ; 0 s                 ; 0 s                 ; 2.32 V                       ; 3.96e-05 V                   ; 2.38 V              ; -0.0306 V           ; 0.23 V                               ; 0.206 V                              ; 4.83e-10 s                  ; 5.01e-10 s                  ; No                         ; Yes                        ; 2.32 V                      ; 3.96e-05 V                  ; 2.38 V             ; -0.0306 V          ; 0.23 V                              ; 0.206 V                             ; 4.83e-10 s                 ; 5.01e-10 s                 ; No                        ; Yes                       ;
; FPGA_I2C_SCLK ; 2.5 V        ; 0 s                 ; 0 s                 ; 2.32 V                       ; 3.49e-05 V                   ; 2.34 V              ; -0.0118 V           ; 0.182 V                              ; 0.051 V                              ; 4.81e-10 s                  ; 4.83e-10 s                  ; Yes                        ; Yes                        ; 2.32 V                      ; 3.49e-05 V                  ; 2.34 V             ; -0.0118 V          ; 0.182 V                             ; 0.051 V                             ; 4.81e-10 s                 ; 4.83e-10 s                 ; Yes                       ; Yes                       ;
; FPGA_I2C_SDAT ; 2.5 V        ; 0 s                 ; 0 s                 ; 2.32 V                       ; 3.96e-05 V                   ; 2.38 V              ; -0.0306 V           ; 0.23 V                               ; 0.206 V                              ; 4.83e-10 s                  ; 5.01e-10 s                  ; No                         ; Yes                        ; 2.32 V                      ; 3.96e-05 V                  ; 2.38 V             ; -0.0306 V          ; 0.23 V                              ; 0.206 V                             ; 4.83e-10 s                 ; 5.01e-10 s                 ; No                        ; Yes                       ;
+---------------+--------------+---------------------+---------------------+------------------------------+------------------------------+---------------------+---------------------+--------------------------------------+--------------------------------------+-----------------------------+-----------------------------+----------------------------+----------------------------+-----------------------------+-----------------------------+--------------------+--------------------+-------------------------------------+-------------------------------------+----------------------------+----------------------------+---------------------------+---------------------------+


+--------------------------------------------------------------------------------------------------------------------------------------------------------------------------------------------------------------------------------------------------------------------------------------------------------------------------------------------------------------------------------------------------------------------------------------------------------------------------------------------------------------------------------------------------------------------------------------------------------------------------------------------------------------------------------------------+
; Signal Integrity Metrics (Fast 1100mv 0c Model)                                                                                                                                                                                                                                                                                                                                                                                                                                                                                                                                                                                                                                            ;
+---------------+--------------+---------------------+---------------------+------------------------------+------------------------------+---------------------+---------------------+--------------------------------------+--------------------------------------+-----------------------------+-----------------------------+----------------------------+----------------------------+-----------------------------+-----------------------------+--------------------+--------------------+-------------------------------------+-------------------------------------+----------------------------+----------------------------+---------------------------+---------------------------+
; Pin           ; I/O Standard ; Board Delay on Rise ; Board Delay on Fall ; Steady State Voh at FPGA Pin ; Steady State Vol at FPGA Pin ; Voh Max at FPGA Pin ; Vol Min at FPGA Pin ; Ringback Voltage on Rise at FPGA Pin ; Ringback Voltage on Fall at FPGA Pin ; 10-90 Rise Time at FPGA Pin ; 90-10 Fall Time at FPGA Pin ; Monotonic Rise at FPGA Pin ; Monotonic Fall at FPGA Pin ; Steady State Voh at Far-end ; Steady State Vol at Far-end ; Voh Max at Far-end ; Vol Min at Far-end ; Ringback Voltage on Rise at Far-end ; Ringback Voltage on Fall at Far-end ; 10-90 Rise Time at Far-end ; 90-10 Fall Time at Far-end ; Monotonic Rise at Far-end ; Monotonic Fall at Far-end ;
+---------------+--------------+---------------------+---------------------+------------------------------+------------------------------+---------------------+---------------------+--------------------------------------+--------------------------------------+-----------------------------+-----------------------------+----------------------------+----------------------------+-----------------------------+-----------------------------+--------------------+--------------------+-------------------------------------+-------------------------------------+----------------------------+----------------------------+---------------------------+---------------------------+
; AUD_XCK       ; 2.5 V        ; 0 s                 ; 0 s                 ; 2.75 V                       ; 4.14e-06 V                   ; 2.91 V              ; -0.119 V            ; 0.326 V                              ; 0.298 V                              ; 2.74e-10 s                  ; 2.8e-10 s                   ; No                         ; No                         ; 2.75 V                      ; 4.14e-06 V                  ; 2.91 V             ; -0.119 V           ; 0.326 V                             ; 0.298 V                             ; 2.74e-10 s                 ; 2.8e-10 s                  ; No                        ; No                        ;
; AUD_BCLK      ; 2.5 V        ; 0 s                 ; 0 s                 ; 2.75 V                       ; 3.54e-06 V                   ; 2.81 V              ; -0.0578 V           ; 0.303 V                              ; 0.28 V                               ; 2.93e-10 s                  ; 3.01e-10 s                  ; No                         ; No                         ; 2.75 V                      ; 3.54e-06 V                  ; 2.81 V             ; -0.0578 V          ; 0.303 V                             ; 0.28 V                              ; 2.93e-10 s                 ; 3.01e-10 s                 ; No                        ; No                        ;
; AUD_DACLRCK   ; 2.5 V        ; 0 s                 ; 0 s                 ; 2.75 V                       ; 4.25e-06 V                   ; 2.9 V               ; -0.107 V            ; 0.378 V                              ; 0.16 V                               ; 2.87e-10 s                  ; 4.28e-10 s                  ; No                         ; No                         ; 2.75 V                      ; 4.25e-06 V                  ; 2.9 V              ; -0.107 V           ; 0.378 V                             ; 0.16 V                              ; 2.87e-10 s                 ; 4.28e-10 s                 ; No                        ; No                        ;
; AUD_DACDAT    ; 2.5 V        ; 0 s                 ; 0 s                 ; 2.75 V                       ; 4.25e-06 V                   ; 2.9 V               ; -0.107 V            ; 0.378 V                              ; 0.16 V                               ; 2.87e-10 s                  ; 4.28e-10 s                  ; No                         ; No                         ; 2.75 V                      ; 4.25e-06 V                  ; 2.9 V              ; -0.107 V           ; 0.378 V                             ; 0.16 V                              ; 2.87e-10 s                 ; 4.28e-10 s                 ; No                        ; No                        ;
; error         ; 2.5 V        ; 0 s                 ; 0 s                 ; 2.75 V                       ; 4.25e-06 V                   ; 2.9 V               ; -0.107 V            ; 0.378 V                              ; 0.16 V                               ; 2.87e-10 s                  ; 4.28e-10 s                  ; No                         ; No                         ; 2.75 V                      ; 4.25e-06 V                  ; 2.9 V              ; -0.107 V           ; 0.378 V                             ; 0.16 V                              ; 2.87e-10 s                 ; 4.28e-10 s                 ; No                        ; No                        ;
; FPGA_I2C_SCLK ; 2.5 V        ; 0 s                 ; 0 s                 ; 2.75 V                       ; 3.54e-06 V                   ; 2.81 V              ; -0.0578 V           ; 0.303 V                              ; 0.28 V                               ; 2.93e-10 s                  ; 3.01e-10 s                  ; No                         ; No                         ; 2.75 V                      ; 3.54e-06 V                  ; 2.81 V             ; -0.0578 V          ; 0.303 V                             ; 0.28 V                              ; 2.93e-10 s                 ; 3.01e-10 s                 ; No                        ; No                        ;
; FPGA_I2C_SDAT ; 2.5 V        ; 0 s                 ; 0 s                 ; 2.75 V                       ; 4.25e-06 V                   ; 2.9 V               ; -0.107 V            ; 0.378 V                              ; 0.16 V                               ; 2.87e-10 s                  ; 4.28e-10 s                  ; No                         ; No                         ; 2.75 V                      ; 4.25e-06 V                  ; 2.9 V              ; -0.107 V           ; 0.378 V                             ; 0.16 V                              ; 2.87e-10 s                 ; 4.28e-10 s                 ; No                        ; No                        ;
+---------------+--------------+---------------------+---------------------+------------------------------+------------------------------+---------------------+---------------------+--------------------------------------+--------------------------------------+-----------------------------+-----------------------------+----------------------------+----------------------------+-----------------------------+-----------------------------+--------------------+--------------------+-------------------------------------+-------------------------------------+----------------------------+----------------------------+---------------------------+---------------------------+


+--------------------------------------------------------------------------------------------------------------------------------------------------------------------------------------------------------------------------------------------------------------------------------------------------------------------------------------------------------------------------------------------------------------------------------------------------------------------------------------------------------------------------------------------------------------------------------------------------------------------------------------------------------------------------------------------+
; Signal Integrity Metrics (Fast 1100mv 85c Model)                                                                                                                                                                                                                                                                                                                                                                                                                                                                                                                                                                                                                                           ;
+---------------+--------------+---------------------+---------------------+------------------------------+------------------------------+---------------------+---------------------+--------------------------------------+--------------------------------------+-----------------------------+-----------------------------+----------------------------+----------------------------+-----------------------------+-----------------------------+--------------------+--------------------+-------------------------------------+-------------------------------------+----------------------------+----------------------------+---------------------------+---------------------------+
; Pin           ; I/O Standard ; Board Delay on Rise ; Board Delay on Fall ; Steady State Voh at FPGA Pin ; Steady State Vol at FPGA Pin ; Voh Max at FPGA Pin ; Vol Min at FPGA Pin ; Ringback Voltage on Rise at FPGA Pin ; Ringback Voltage on Fall at FPGA Pin ; 10-90 Rise Time at FPGA Pin ; 90-10 Fall Time at FPGA Pin ; Monotonic Rise at FPGA Pin ; Monotonic Fall at FPGA Pin ; Steady State Voh at Far-end ; Steady State Vol at Far-end ; Voh Max at Far-end ; Vol Min at Far-end ; Ringback Voltage on Rise at Far-end ; Ringback Voltage on Fall at Far-end ; 10-90 Rise Time at Far-end ; 90-10 Fall Time at Far-end ; Monotonic Rise at Far-end ; Monotonic Fall at Far-end ;
+---------------+--------------+---------------------+---------------------+------------------------------+------------------------------+---------------------+---------------------+--------------------------------------+--------------------------------------+-----------------------------+-----------------------------+----------------------------+----------------------------+-----------------------------+-----------------------------+--------------------+--------------------+-------------------------------------+-------------------------------------+----------------------------+----------------------------+---------------------------+---------------------------+
; AUD_XCK       ; 2.5 V        ; 0 s                 ; 0 s                 ; 2.75 V                       ; 0.000242 V                   ; 2.86 V              ; -0.0805 V           ; 0.358 V                              ; 0.156 V                              ; 3.01e-10 s                  ; 4.34e-10 s                  ; No                         ; No                         ; 2.75 V                      ; 0.000242 V                  ; 2.86 V             ; -0.0805 V          ; 0.358 V                             ; 0.156 V                             ; 3.01e-10 s                 ; 4.34e-10 s                 ; No                        ; No                        ;
; AUD_BCLK      ; 2.5 V        ; 0 s                 ; 0 s                 ; 2.75 V                       ; 0.000213 V                   ; 2.79 V              ; -0.0324 V           ; 0.139 V                              ; 0.119 V                              ; 4.42e-10 s                  ; 4.33e-10 s                  ; No                         ; Yes                        ; 2.75 V                      ; 0.000213 V                  ; 2.79 V             ; -0.0324 V          ; 0.139 V                             ; 0.119 V                             ; 4.42e-10 s                 ; 4.33e-10 s                 ; No                        ; Yes                       ;
; AUD_DACLRCK   ; 2.5 V        ; 0 s                 ; 0 s                 ; 2.75 V                       ; 0.000247 V                   ; 2.85 V              ; -0.0711 V           ; 0.204 V                              ; 0.181 V                              ; 4.55e-10 s                  ; 4.49e-10 s                  ; No                         ; No                         ; 2.75 V                      ; 0.000247 V                  ; 2.85 V             ; -0.0711 V          ; 0.204 V                             ; 0.181 V                             ; 4.55e-10 s                 ; 4.49e-10 s                 ; No                        ; No                        ;
; AUD_DACDAT    ; 2.5 V        ; 0 s                 ; 0 s                 ; 2.75 V                       ; 0.000247 V                   ; 2.85 V              ; -0.0711 V           ; 0.204 V                              ; 0.181 V                              ; 4.55e-10 s                  ; 4.49e-10 s                  ; No                         ; No                         ; 2.75 V                      ; 0.000247 V                  ; 2.85 V             ; -0.0711 V          ; 0.204 V                             ; 0.181 V                             ; 4.55e-10 s                 ; 4.49e-10 s                 ; No                        ; No                        ;
; error         ; 2.5 V        ; 0 s                 ; 0 s                 ; 2.75 V                       ; 0.000247 V                   ; 2.85 V              ; -0.0711 V           ; 0.204 V                              ; 0.181 V                              ; 4.55e-10 s                  ; 4.49e-10 s                  ; No                         ; No                         ; 2.75 V                      ; 0.000247 V                  ; 2.85 V             ; -0.0711 V          ; 0.204 V                             ; 0.181 V                             ; 4.55e-10 s                 ; 4.49e-10 s                 ; No                        ; No                        ;
; FPGA_I2C_SCLK ; 2.5 V        ; 0 s                 ; 0 s                 ; 2.75 V                       ; 0.000213 V                   ; 2.79 V              ; -0.0324 V           ; 0.139 V                              ; 0.119 V                              ; 4.42e-10 s                  ; 4.33e-10 s                  ; No                         ; Yes                        ; 2.75 V                      ; 0.000213 V                  ; 2.79 V             ; -0.0324 V          ; 0.139 V                             ; 0.119 V                             ; 4.42e-10 s                 ; 4.33e-10 s                 ; No                        ; Yes                       ;
; FPGA_I2C_SDAT ; 2.5 V        ; 0 s                 ; 0 s                 ; 2.75 V                       ; 0.000247 V                   ; 2.85 V              ; -0.0711 V           ; 0.204 V                              ; 0.181 V                              ; 4.55e-10 s                  ; 4.49e-10 s                  ; No                         ; No                         ; 2.75 V                      ; 0.000247 V                  ; 2.85 V             ; -0.0711 V          ; 0.204 V                             ; 0.181 V                             ; 4.55e-10 s                 ; 4.49e-10 s                 ; No                        ; No                        ;
+---------------+--------------+---------------------+---------------------+------------------------------+------------------------------+---------------------+---------------------+--------------------------------------+--------------------------------------+-----------------------------+-----------------------------+----------------------------+----------------------------+-----------------------------+-----------------------------+--------------------+--------------------+-------------------------------------+-------------------------------------+----------------------------+----------------------------+---------------------------+---------------------------+


+-------------------------------------------------------------------------------------------------------------------------------+
; Setup Transfers                                                                                                               ;
+-----------------------------------------+-----------------------------------------+----------+----------+----------+----------+
; From Clock                              ; To Clock                                ; RR Paths ; FR Paths ; RF Paths ; FF Paths ;
+-----------------------------------------+-----------------------------------------+----------+----------+----------+----------+
; audio_configurator:i2c_conf|i2c_clk_reg ; audio_configurator:i2c_conf|i2c_clk_reg ; 483      ; 0        ; 0        ; 0        ;
; audio_output:dac_driver|counter[2]      ; audio_output:dac_driver|counter[2]      ; 0        ; 0        ; 1        ; 1        ;
; audio_output:dac_driver|counter[7]      ; audio_output:dac_driver|counter[2]      ; 0        ; 0        ; 1        ; 0        ;
; audio_output:dac_driver|mclk_count[1]   ; audio_output:dac_driver|counter[2]      ; 0        ; 0        ; 4        ; 0        ;
; audio_output:dac_driver|counter[7]      ; audio_output:dac_driver|counter[7]      ; 166      ; 0        ; 0        ; 0        ;
; audio_output:dac_driver|counter[2]      ; audio_output:dac_driver|mclk_count[1]   ; 6        ; 6        ; 0        ; 0        ;
; audio_output:dac_driver|counter[7]      ; audio_output:dac_driver|mclk_count[1]   ; 1        ; 1        ; 0        ; 0        ;
; audio_output:dac_driver|mclk_count[1]   ; audio_output:dac_driver|mclk_count[1]   ; 30       ; 0        ; 0        ; 0        ;
; audio_configurator:i2c_conf|i2c_clk_reg ; CLOCK_50                                ; 1        ; 1        ; 0        ; 0        ;
; audio_output:dac_driver|mclk_count[1]   ; CLOCK_50                                ; 1        ; 1        ; 0        ; 0        ;
; CLOCK_50                                ; CLOCK_50                                ; 92       ; 0        ; 0        ; 0        ;
+-----------------------------------------+-----------------------------------------+----------+----------+----------+----------+
Entries labeled "false path" only account for clock-to-clock false paths and not path-based false paths. As a result, actual path counts may be lower than reported.


+-------------------------------------------------------------------------------------------------------------------------------+
; Hold Transfers                                                                                                                ;
+-----------------------------------------+-----------------------------------------+----------+----------+----------+----------+
; From Clock                              ; To Clock                                ; RR Paths ; FR Paths ; RF Paths ; FF Paths ;
+-----------------------------------------+-----------------------------------------+----------+----------+----------+----------+
; audio_configurator:i2c_conf|i2c_clk_reg ; audio_configurator:i2c_conf|i2c_clk_reg ; 483      ; 0        ; 0        ; 0        ;
; audio_output:dac_driver|counter[2]      ; audio_output:dac_driver|counter[2]      ; 0        ; 0        ; 1        ; 1        ;
; audio_output:dac_driver|counter[7]      ; audio_output:dac_driver|counter[2]      ; 0        ; 0        ; 1        ; 0        ;
; audio_output:dac_driver|mclk_count[1]   ; audio_output:dac_driver|counter[2]      ; 0        ; 0        ; 4        ; 0        ;
; audio_output:dac_driver|counter[7]      ; audio_output:dac_driver|counter[7]      ; 166      ; 0        ; 0        ; 0        ;
; audio_output:dac_driver|counter[2]      ; audio_output:dac_driver|mclk_count[1]   ; 6        ; 6        ; 0        ; 0        ;
; audio_output:dac_driver|counter[7]      ; audio_output:dac_driver|mclk_count[1]   ; 1        ; 1        ; 0        ; 0        ;
; audio_output:dac_driver|mclk_count[1]   ; audio_output:dac_driver|mclk_count[1]   ; 30       ; 0        ; 0        ; 0        ;
; audio_configurator:i2c_conf|i2c_clk_reg ; CLOCK_50                                ; 1        ; 1        ; 0        ; 0        ;
; audio_output:dac_driver|mclk_count[1]   ; CLOCK_50                                ; 1        ; 1        ; 0        ; 0        ;
; CLOCK_50                                ; CLOCK_50                                ; 92       ; 0        ; 0        ; 0        ;
+-----------------------------------------+-----------------------------------------+----------+----------+----------+----------+
Entries labeled "false path" only account for clock-to-clock false paths and not path-based false paths. As a result, actual path counts may be lower than reported.


---------------
; Report TCCS ;
---------------
No dedicated SERDES Transmitter circuitry present in device or used in design


---------------
; Report RSKM ;
---------------
No non-DPA dedicated SERDES Receiver circuitry present in device or used in design


+------------------------------------------------+
; Unconstrained Paths Summary                    ;
+---------------------------------+-------+------+
; Property                        ; Setup ; Hold ;
+---------------------------------+-------+------+
; Illegal Clocks                  ; 0     ; 0    ;
; Unconstrained Clocks            ; 0     ; 0    ;
; Unconstrained Input Ports       ; 6     ; 6    ;
; Unconstrained Input Port Paths  ; 121   ; 121  ;
; Unconstrained Output Ports      ; 7     ; 7    ;
; Unconstrained Output Port Paths ; 7     ; 7    ;
+---------------------------------+-------+------+


+--------------------------------------------------------------------------------------------------------+
; Clock Status Summary                                                                                   ;
+-----------------------------------------+-----------------------------------------+------+-------------+
; Target                                  ; Clock                                   ; Type ; Status      ;
+-----------------------------------------+-----------------------------------------+------+-------------+
; CLOCK_50                                ; CLOCK_50                                ; Base ; Constrained ;
; audio_configurator:i2c_conf|i2c_clk_reg ; audio_configurator:i2c_conf|i2c_clk_reg ; Base ; Constrained ;
; audio_output:dac_driver|counter[2]      ; audio_output:dac_driver|counter[2]      ; Base ; Constrained ;
; audio_output:dac_driver|counter[7]      ; audio_output:dac_driver|counter[7]      ; Base ; Constrained ;
; audio_output:dac_driver|mclk_count[1]   ; audio_output:dac_driver|mclk_count[1]   ; Base ; Constrained ;
+-----------------------------------------+-----------------------------------------+------+-------------+


+------------------------------------------------------------------------------------------------------+
; Unconstrained Input Ports                                                                            ;
+---------------+--------------------------------------------------------------------------------------+
; Input Port    ; Comment                                                                              ;
+---------------+--------------------------------------------------------------------------------------+
; FPGA_I2C_SCLK ; No input delay, min/max delays, false-path exceptions, or max skew assignments found ;
; FPGA_I2C_SDAT ; No input delay, min/max delays, false-path exceptions, or max skew assignments found ;
; RESET_N       ; No input delay, min/max delays, false-path exceptions, or max skew assignments found ;
; configure_N   ; No input delay, min/max delays, false-path exceptions, or max skew assignments found ;
; pitch[0]      ; No input delay, min/max delays, false-path exceptions, or max skew assignments found ;
; pitch[1]      ; No input delay, min/max delays, false-path exceptions, or max skew assignments found ;
+---------------+--------------------------------------------------------------------------------------+


+-------------------------------------------------------------------------------------------------------+
; Unconstrained Output Ports                                                                            ;
+---------------+---------------------------------------------------------------------------------------+
; Output Port   ; Comment                                                                               ;
+---------------+---------------------------------------------------------------------------------------+
; AUD_BCLK      ; No output delay, min/max delays, false-path exceptions, or max skew assignments found ;
; AUD_DACDAT    ; No output delay, min/max delays, false-path exceptions, or max skew assignments found ;
; AUD_DACLRCK   ; No output delay, min/max delays, false-path exceptions, or max skew assignments found ;
; AUD_XCK       ; No output delay, min/max delays, false-path exceptions, or max skew assignments found ;
; FPGA_I2C_SCLK ; No output delay, min/max delays, false-path exceptions, or max skew assignments found ;
; FPGA_I2C_SDAT ; No output delay, min/max delays, false-path exceptions, or max skew assignments found ;
; error         ; No output delay, min/max delays, false-path exceptions, or max skew assignments found ;
+---------------+---------------------------------------------------------------------------------------+


+------------------------------------------------------------------------------------------------------+
; Unconstrained Input Ports                                                                            ;
+---------------+--------------------------------------------------------------------------------------+
; Input Port    ; Comment                                                                              ;
+---------------+--------------------------------------------------------------------------------------+
; FPGA_I2C_SCLK ; No input delay, min/max delays, false-path exceptions, or max skew assignments found ;
; FPGA_I2C_SDAT ; No input delay, min/max delays, false-path exceptions, or max skew assignments found ;
; RESET_N       ; No input delay, min/max delays, false-path exceptions, or max skew assignments found ;
; configure_N   ; No input delay, min/max delays, false-path exceptions, or max skew assignments found ;
; pitch[0]      ; No input delay, min/max delays, false-path exceptions, or max skew assignments found ;
; pitch[1]      ; No input delay, min/max delays, false-path exceptions, or max skew assignments found ;
+---------------+--------------------------------------------------------------------------------------+


+-------------------------------------------------------------------------------------------------------+
; Unconstrained Output Ports                                                                            ;
+---------------+---------------------------------------------------------------------------------------+
; Output Port   ; Comment                                                                               ;
+---------------+---------------------------------------------------------------------------------------+
; AUD_BCLK      ; No output delay, min/max delays, false-path exceptions, or max skew assignments found ;
; AUD_DACDAT    ; No output delay, min/max delays, false-path exceptions, or max skew assignments found ;
; AUD_DACLRCK   ; No output delay, min/max delays, false-path exceptions, or max skew assignments found ;
; AUD_XCK       ; No output delay, min/max delays, false-path exceptions, or max skew assignments found ;
; FPGA_I2C_SCLK ; No output delay, min/max delays, false-path exceptions, or max skew assignments found ;
; FPGA_I2C_SDAT ; No output delay, min/max delays, false-path exceptions, or max skew assignments found ;
; error         ; No output delay, min/max delays, false-path exceptions, or max skew assignments found ;
+---------------+---------------------------------------------------------------------------------------+


+--------------------------+
; Timing Analyzer Messages ;
+--------------------------+
Info: *******************************************************************
Info: Running Quartus Prime Timing Analyzer
    Info: Version 25.1std.0 Build 1129 10/21/2025 SC Lite Edition
    Info: Processing started: Thu Feb 26 22:31:52 2026
Info: Command: quartus_sta lab1 -c lab1
Info: qsta_default_script.tcl version: #1
Warning (18236): Number of processors has not been specified which may cause overloading on shared machines.  Set the global assignment NUM_PARALLEL_PROCESSORS in your QSF to an appropriate value for best performance.
Info (20030): Parallel compilation is enabled and will use 16 of the 32 processors detected
Info (21077): Low junction temperature is 0 degrees C
Info (21077): High junction temperature is 85 degrees C
Critical Warning (332012): Synopsys Design Constraints File file not found: 'lab1.sdc'. A Synopsys Design Constraints File is required by the Timing Analyzer to get proper timing constraints. Without it, the Compiler will not properly optimize the design.
Info (332142): No user constrained base clocks found in the design. Calling "derive_clocks -period 1.0"
Info (332105): Deriving Clocks
    Info (332105): create_clock -period 1.000 -name audio_output:dac_driver|mclk_count[1] audio_output:dac_driver|mclk_count[1]
    Info (332105): create_clock -period 1.000 -name CLOCK_50 CLOCK_50
    Info (332105): create_clock -period 1.000 -name audio_output:dac_driver|counter[7] audio_output:dac_driver|counter[7]
    Info (332105): create_clock -period 1.000 -name audio_configurator:i2c_conf|i2c_clk_reg audio_configurator:i2c_conf|i2c_clk_reg
    Info (332105): create_clock -period 1.000 -name audio_output:dac_driver|counter[2] audio_output:dac_driver|counter[2]
Info (332143): No user constrained clock uncertainty found in the design. Calling "derive_clock_uncertainty"
Info (332123): Deriving Clock Uncertainty. Please refer to report_sdc in the Timing Analyzer to see clock uncertainties.
Info: Found TIMING_ANALYZER_REPORT_SCRIPT_INCLUDE_DEFAULT_ANALYSIS = ON
Info: Analyzing Slow 1100mV 85C Model
Critical Warning (332148): Timing requirements not met
    Info (11105): For recommendations on closing timing, run Report Timing Closure Recommendations in the Timing Analyzer.
Info (332146): Worst-case setup slack is -4.804
    Info (332119):     Slack       End Point TNS Clock 
    Info (332119): ========= =================== =====================
    Info (332119):    -4.804             -18.468 CLOCK_50 
    Info (332119):    -2.588            -105.870 audio_configurator:i2c_conf|i2c_clk_reg 
    Info (332119):    -2.530             -17.208 audio_output:dac_driver|mclk_count[1] 
    Info (332119):    -1.997             -19.952 audio_output:dac_driver|counter[7] 
    Info (332119):    -1.773              -1.773 audio_output:dac_driver|counter[2] 
Info (332146): Worst-case hold slack is 0.224
    Info (332119):     Slack       End Point TNS Clock 
    Info (332119): ========= =================== =====================
    Info (332119):     0.224               0.000 audio_configurator:i2c_conf|i2c_clk_reg 
    Info (332119):     0.239               0.000 audio_output:dac_driver|mclk_count[1] 
    Info (332119):     0.510               0.000 CLOCK_50 
    Info (332119):     0.686               0.000 audio_output:dac_driver|counter[2] 
    Info (332119):     0.687               0.000 audio_output:dac_driver|counter[7] 
Info (332140): No Recovery paths to report
Info (332140): No Removal paths to report
Info (332146): Worst-case minimum pulse width slack is -0.947
    Info (332119):     Slack       End Point TNS Clock 
    Info (332119): ========= =================== =====================
    Info (332119):    -0.947              -7.561 CLOCK_50 
    Info (332119):    -0.394             -30.215 audio_configurator:i2c_conf|i2c_clk_reg 
    Info (332119):    -0.394              -5.201 audio_output:dac_driver|counter[7] 
    Info (332119):    -0.394              -4.941 audio_output:dac_driver|mclk_count[1] 
    Info (332119):    -0.394              -0.606 audio_output:dac_driver|counter[2] 
Info: Analyzing Slow 1100mV 0C Model
Info (334003): Started post-fitting delay annotation
Info (334004): Delay annotation completed successfully
Info (332123): Deriving Clock Uncertainty. Please refer to report_sdc in the Timing Analyzer to see clock uncertainties.
Critical Warning (332148): Timing requirements not met
    Info (11105): For recommendations on closing timing, run Report Timing Closure Recommendations in the Timing Analyzer.
Info (332146): Worst-case setup slack is -4.664
    Info (332119):     Slack       End Point TNS Clock 
    Info (332119): ========= =================== =====================
    Info (332119):    -4.664             -18.111 CLOCK_50 
    Info (332119):    -2.581             -17.677 audio_output:dac_driver|mclk_count[1] 
    Info (332119):    -2.534            -101.888 audio_configurator:i2c_conf|i2c_clk_reg 
    Info (332119):    -2.030             -19.913 audio_output:dac_driver|counter[7] 
    Info (332119):    -1.710              -1.710 audio_output:dac_driver|counter[2] 
Info (332146): Worst-case hold slack is 0.213
    Info (332119):     Slack       End Point TNS Clock 
    Info (332119): ========= =================== =====================
    Info (332119):     0.213               0.000 audio_configurator:i2c_conf|i2c_clk_reg 
    Info (332119):     0.367               0.000 audio_output:dac_driver|mclk_count[1] 
    Info (332119):     0.519               0.000 CLOCK_50 
    Info (332119):     0.613               0.000 audio_output:dac_driver|counter[2] 
    Info (332119):     0.674               0.000 audio_output:dac_driver|counter[7] 
Info (332140): No Recovery paths to report
Info (332140): No Removal paths to report
Info (332146): Worst-case minimum pulse width slack is -0.944
    Info (332119):     Slack       End Point TNS Clock 
    Info (332119): ========= =================== =====================
    Info (332119):    -0.944              -8.097 CLOCK_50 
    Info (332119):    -0.394             -29.612 audio_configurator:i2c_conf|i2c_clk_reg 
    Info (332119):    -0.394              -5.120 audio_output:dac_driver|counter[7] 
    Info (332119):    -0.394              -4.918 audio_output:dac_driver|mclk_count[1] 
    Info (332119):    -0.394              -0.516 audio_output:dac_driver|counter[2] 
Info: Analyzing Fast 1100mV 85C Model
Info (334003): Started post-fitting delay annotation
Info (334004): Delay annotation completed successfully
Info (332123): Deriving Clock Uncertainty. Please refer to report_sdc in the Timing Analyzer to see clock uncertainties.
Critical Warning (332148): Timing requirements not met
    Info (11105): For recommendations on closing timing, run Report Timing Closure Recommendations in the Timing Analyzer.
Info (332146): Worst-case setup slack is -3.946
    Info (332119):     Slack       End Point TNS Clock 
    Info (332119): ========= =================== =====================
    Info (332119):    -3.946              -9.800 CLOCK_50 
    Info (332119):    -1.405              -7.789 audio_output:dac_driver|mclk_count[1] 
    Info (332119):    -1.269             -46.657 audio_configurator:i2c_conf|i2c_clk_reg 
    Info (332119):    -0.968              -0.968 audio_output:dac_driver|counter[2] 
    Info (332119):    -0.838              -8.077 audio_output:dac_driver|counter[7] 
Info (332146): Worst-case hold slack is -0.055
    Info (332119):     Slack       End Point TNS Clock 
    Info (332119): ========= =================== =====================
    Info (332119):    -0.055              -0.064 audio_output:dac_driver|mclk_count[1] 
    Info (332119):     0.067               0.000 audio_configurator:i2c_conf|i2c_clk_reg 
    Info (332119):     0.235               0.000 CLOCK_50 
    Info (332119):     0.355               0.000 audio_output:dac_driver|counter[7] 
    Info (332119):     0.396               0.000 audio_output:dac_driver|counter[2] 
Info (332140): No Recovery paths to report
Info (332140): No Removal paths to report
Info (332146): Worst-case minimum pulse width slack is -0.833
    Info (332119):     Slack       End Point TNS Clock 
    Info (332119): ========= =================== =====================
    Info (332119):    -0.833              -3.005 CLOCK_50 
    Info (332119):     0.066               0.000 audio_configurator:i2c_conf|i2c_clk_reg 
    Info (332119):     0.069               0.000 audio_output:dac_driver|mclk_count[1] 
    Info (332119):     0.122               0.000 audio_output:dac_driver|counter[2] 
    Info (332119):     0.157               0.000 audio_output:dac_driver|counter[7] 
Info: Analyzing Fast 1100mV 0C Model
Info (332123): Deriving Clock Uncertainty. Please refer to report_sdc in the Timing Analyzer to see clock uncertainties.
Critical Warning (332148): Timing requirements not met
    Info (11105): For recommendations on closing timing, run Report Timing Closure Recommendations in the Timing Analyzer.
Info (332146): Worst-case setup slack is -3.362
    Info (332119):     Slack       End Point TNS Clock 
    Info (332119): ========= =================== =====================
    Info (332119):    -3.362              -8.173 CLOCK_50 
    Info (332119):    -1.263              -7.273 audio_output:dac_driver|mclk_count[1] 
    Info (332119):    -1.069             -39.702 audio_configurator:i2c_conf|i2c_clk_reg 
    Info (332119):    -0.876              -0.876 audio_output:dac_driver|counter[2] 
    Info (332119):    -0.758              -7.243 audio_output:dac_driver|counter[7] 
Info (332146): Worst-case hold slack is -0.027
    Info (332119):     Slack       End Point TNS Clock 
    Info (332119): ========= =================== =====================
    Info (332119):    -0.027              -0.027 audio_output:dac_driver|mclk_count[1] 
    Info (332119):     0.050               0.000 audio_configurator:i2c_conf|i2c_clk_reg 
    Info (332119):     0.223               0.000 CLOCK_50 
    Info (332119):     0.322               0.000 audio_output:dac_driver|counter[7] 
    Info (332119):     0.351               0.000 audio_output:dac_driver|counter[2] 
Info (332140): No Recovery paths to report
Info (332140): No Removal paths to report
Info (332146): Worst-case minimum pulse width slack is -0.780
    Info (332119):     Slack       End Point TNS Clock 
    Info (332119): ========= =================== =====================
    Info (332119):    -0.780              -2.911 CLOCK_50 
    Info (332119):     0.085               0.000 audio_configurator:i2c_conf|i2c_clk_reg 
    Info (332119):     0.089               0.000 audio_output:dac_driver|mclk_count[1] 
    Info (332119):     0.134               0.000 audio_output:dac_driver|counter[2] 
    Info (332119):     0.159               0.000 audio_output:dac_driver|counter[7] 
Info (332102): Design is not fully constrained for setup requirements
Info (332102): Design is not fully constrained for hold requirements
Info: Quartus Prime Timing Analyzer was successful. 0 errors, 6 warnings
    Info: Peak virtual memory: 5430 megabytes
    Info: Processing ended: Thu Feb 26 22:31:56 2026
    Info: Elapsed time: 00:00:04
    Info: Total CPU time (on all processors): 00:00:04


