BEGIN 1:alu:fast:work
    B :  1:tb_doodle:fast:work
    Flags :  1:tb_doodle:fast:work
    A :  1:tb_doodle:fast:work
    Result :  1:tb_doodle:fast:work
    Opcode :  1:tb_doodle:fast:work
END 
BEGIN 1:sharedMemory:fast:work
    readWriteAddress :  1:tb_doodle:fast:work
    isRectAccess :  1:tb_doodle:fast:work
    contentsCPU :  1:tb_doodle:fast:work
    isPlayerAccess :  1:tb_doodle:fast:work
    contentsRect :  1:tb_doodle:fast:work
    contents :  1:tb_doodle:fast:work
    writeData :  1:tb_doodle:fast:work
    writeEnable :  1:tb_doodle:fast:work
    contentsPlayer :  1:tb_doodle:fast:work
    isMemoryAccess :  1:tb_doodle:fast:work
END 
BEGIN 1:memory:fast:work
    ram :  1:tb_doodle:fast:work
END 
BEGIN 1:control_unit:fast:work
    registerFileWriteEnable :  1:tb_doodle:fast:work
    instructionRegisterWriteEnable :  1:tb_doodle:fast:work
    instructionAsImmediate :  1:tb_doodle:fast:work
    aluSelectImmediate :  1:tb_doodle:fast:work
    memoryWriteEnable :  1:tb_doodle:fast:work
    registerFileSelectInput :  1:tb_doodle:fast:work
    savePreviousInstructionTargetRegIndex :  1:tb_doodle:fast:work
    memorySelectReadWriteAddress :  1:tb_doodle:fast:work
END 
BEGIN 1:instruction_decoder:fast:work
    aluOpcode :  1:tb_doodle:fast:work
    instruction :  1:tb_doodle:fast:work
    registerAddressB :  1:tb_doodle:fast:work
    registerFileContentsA :  1:tb_doodle:fast:work
    instructionAsImmediate :  1:tb_doodle:fast:work
    registerAddressA :  1:tb_doodle:fast:work
    nextProgramCounter :  1:tb_doodle:fast:work
    savePreviousInstructionTargetRegIndex :  1:tb_doodle:fast:work
END 
BEGIN 1:cpu:fast:work
    instructionRegisterContents :  1:tb_doodle:fast:work
    programCounterContents :  1:tb_doodle:fast:work
    programStateRegisterContents :  1:tb_doodle:fast:work
END 
BEGIN 1:register_file:fast:work
    reg15input :  1:tb_doodle:fast:work
    readAddressB :  1:tb_doodle:fast:work
    writeAddress :  1:tb_doodle:fast:work
    writeEnable :  1:tb_doodle:fast:work
    contentsB :  1:tb_doodle:fast:work
    readAddressA :  1:tb_doodle:fast:work
    registers :  1:tb_doodle:fast:work
    contentsA :  1:tb_doodle:fast:work
END 
